Archive member included to satisfy reference by file (symbol)

d:/h4o5o1h0e4i7n1z/temp/stm32/systemworkbench/plugins/fr.ac6.mcu.externaltools.arm-none.win32_1.16.0.201807130628/tools/compiler/bin/../lib/gcc/arm-none-eabi/7.2.1/thumb/v7e-m/fpv4-sp/hard\libgcc.a(_aeabi_uldivmod.o)
                              Drivers/STM32F4xx_HAL_Driver/Src/stm32f4xx_hal_rcc.o (__aeabi_uldivmod)
d:/h4o5o1h0e4i7n1z/temp/stm32/systemworkbench/plugins/fr.ac6.mcu.externaltools.arm-none.win32_1.16.0.201807130628/tools/compiler/bin/../lib/gcc/arm-none-eabi/7.2.1/thumb/v7e-m/fpv4-sp/hard\libgcc.a(_udivmoddi4.o)
                              d:/h4o5o1h0e4i7n1z/temp/stm32/systemworkbench/plugins/fr.ac6.mcu.externaltools.arm-none.win32_1.16.0.201807130628/tools/compiler/bin/../lib/gcc/arm-none-eabi/7.2.1/thumb/v7e-m/fpv4-sp/hard\libgcc.a(_aeabi_uldivmod.o) (__udivmoddi4)
d:/h4o5o1h0e4i7n1z/temp/stm32/systemworkbench/plugins/fr.ac6.mcu.externaltools.arm-none.win32_1.16.0.201807130628/tools/compiler/bin/../lib/gcc/arm-none-eabi/7.2.1/thumb/v7e-m/fpv4-sp/hard\libgcc.a(_dvmd_tls.o)
                              d:/h4o5o1h0e4i7n1z/temp/stm32/systemworkbench/plugins/fr.ac6.mcu.externaltools.arm-none.win32_1.16.0.201807130628/tools/compiler/bin/../lib/gcc/arm-none-eabi/7.2.1/thumb/v7e-m/fpv4-sp/hard\libgcc.a(_aeabi_uldivmod.o) (__aeabi_ldiv0)
d:/h4o5o1h0e4i7n1z/temp/stm32/systemworkbench/plugins/fr.ac6.mcu.externaltools.arm-none.win32_1.16.0.201807130628/tools/compiler/bin/../lib/gcc/arm-none-eabi/7.2.1/../../../../arm-none-eabi/lib/thumb/v7e-m/fpv4-sp/hard\libc_nano.a(lib_a-exit.o)
                              d:/h4o5o1h0e4i7n1z/temp/stm32/systemworkbench/plugins/fr.ac6.mcu.externaltools.arm-none.win32_1.16.0.201807130628/tools/compiler/bin/../lib/gcc/arm-none-eabi/7.2.1/../../../../arm-none-eabi/lib/thumb/v7e-m/fpv4-sp/hard/crt0.o (exit)
d:/h4o5o1h0e4i7n1z/temp/stm32/systemworkbench/plugins/fr.ac6.mcu.externaltools.arm-none.win32_1.16.0.201807130628/tools/compiler/bin/../lib/gcc/arm-none-eabi/7.2.1/../../../../arm-none-eabi/lib/thumb/v7e-m/fpv4-sp/hard\libc_nano.a(lib_a-impure.o)
                              d:/h4o5o1h0e4i7n1z/temp/stm32/systemworkbench/plugins/fr.ac6.mcu.externaltools.arm-none.win32_1.16.0.201807130628/tools/compiler/bin/../lib/gcc/arm-none-eabi/7.2.1/../../../../arm-none-eabi/lib/thumb/v7e-m/fpv4-sp/hard\libc_nano.a(lib_a-exit.o) (_global_impure_ptr)
d:/h4o5o1h0e4i7n1z/temp/stm32/systemworkbench/plugins/fr.ac6.mcu.externaltools.arm-none.win32_1.16.0.201807130628/tools/compiler/bin/../lib/gcc/arm-none-eabi/7.2.1/../../../../arm-none-eabi/lib/thumb/v7e-m/fpv4-sp/hard\libc_nano.a(lib_a-init.o)
                              d:/h4o5o1h0e4i7n1z/temp/stm32/systemworkbench/plugins/fr.ac6.mcu.externaltools.arm-none.win32_1.16.0.201807130628/tools/compiler/bin/../lib/gcc/arm-none-eabi/7.2.1/../../../../arm-none-eabi/lib/thumb/v7e-m/fpv4-sp/hard/crt0.o (__libc_init_array)
d:/h4o5o1h0e4i7n1z/temp/stm32/systemworkbench/plugins/fr.ac6.mcu.externaltools.arm-none.win32_1.16.0.201807130628/tools/compiler/bin/../lib/gcc/arm-none-eabi/7.2.1/../../../../arm-none-eabi/lib/thumb/v7e-m/fpv4-sp/hard\libc_nano.a(lib_a-malloc.o)
                              Middlewares/ST/STM32_USB_Host_Library/Class/CDC/Src/usbh_cdc.o (malloc)
d:/h4o5o1h0e4i7n1z/temp/stm32/systemworkbench/plugins/fr.ac6.mcu.externaltools.arm-none.win32_1.16.0.201807130628/tools/compiler/bin/../lib/gcc/arm-none-eabi/7.2.1/../../../../arm-none-eabi/lib/thumb/v7e-m/fpv4-sp/hard\libc_nano.a(lib_a-memcpy-stub.o)
                              Middlewares/Third_Party/FreeRTOS/Source/queue.o (memcpy)
d:/h4o5o1h0e4i7n1z/temp/stm32/systemworkbench/plugins/fr.ac6.mcu.externaltools.arm-none.win32_1.16.0.201807130628/tools/compiler/bin/../lib/gcc/arm-none-eabi/7.2.1/../../../../arm-none-eabi/lib/thumb/v7e-m/fpv4-sp/hard\libc_nano.a(lib_a-memset.o)
                              d:/h4o5o1h0e4i7n1z/temp/stm32/systemworkbench/plugins/fr.ac6.mcu.externaltools.arm-none.win32_1.16.0.201807130628/tools/compiler/bin/../lib/gcc/arm-none-eabi/7.2.1/../../../../arm-none-eabi/lib/thumb/v7e-m/fpv4-sp/hard/crt0.o (memset)
d:/h4o5o1h0e4i7n1z/temp/stm32/systemworkbench/plugins/fr.ac6.mcu.externaltools.arm-none.win32_1.16.0.201807130628/tools/compiler/bin/../lib/gcc/arm-none-eabi/7.2.1/../../../../arm-none-eabi/lib/thumb/v7e-m/fpv4-sp/hard\libc_nano.a(lib_a-nano-freer.o)
                              d:/h4o5o1h0e4i7n1z/temp/stm32/systemworkbench/plugins/fr.ac6.mcu.externaltools.arm-none.win32_1.16.0.201807130628/tools/compiler/bin/../lib/gcc/arm-none-eabi/7.2.1/../../../../arm-none-eabi/lib/thumb/v7e-m/fpv4-sp/hard\libc_nano.a(lib_a-malloc.o) (_free_r)
d:/h4o5o1h0e4i7n1z/temp/stm32/systemworkbench/plugins/fr.ac6.mcu.externaltools.arm-none.win32_1.16.0.201807130628/tools/compiler/bin/../lib/gcc/arm-none-eabi/7.2.1/../../../../arm-none-eabi/lib/thumb/v7e-m/fpv4-sp/hard\libc_nano.a(lib_a-nano-mallocr.o)
[...]
Memory Configuration

Name             Origin             Length             Attributes
RAM              0x20000000         0x00020000         xrw
CCMRAM           0x10000000         0x00010000         rw
FLASH            0x08000000         0x00100000         xr
*default*        0x00000000         0xffffffff

Linker script and memory map

LOAD d:/h4o5o1h0e4i7n1z/temp/stm32/systemworkbench/plugins/fr.ac6.mcu.externaltools.arm-none.win32_1.16.0.201807130628/tools/compiler/bin/../lib/gcc/arm-none-eabi/7.2.1/thumb/v7e-m/fpv4-sp/hard/crti.o
LOAD d:/h4o5o1h0e4i7n1z/temp/stm32/systemworkbench/plugins/fr.ac6.mcu.externaltools.arm-none.win32_1.16.0.201807130628/tools/compiler/bin/../lib/gcc/arm-none-eabi/7.2.1/thumb/v7e-m/fpv4-sp/hard/crtbegin.o
LOAD d:/h4o5o1h0e4i7n1z/temp/stm32/systemworkbench/plugins/fr.ac6.mcu.externaltools.arm-none.win32_1.16.0.201807130628/tools/compiler/bin/../lib/gcc/arm-none-eabi/7.2.1/../../../../arm-none-eabi/lib/thumb/v7e-m/fpv4-sp/hard/crt0.o
LOAD Drivers/STM32F4xx_HAL_Driver/Src/stm32f4xx_hal.o
LOAD Drivers/STM32F4xx_HAL_Driver/Src/stm32f4xx_hal_adc.o
LOAD Drivers/STM32F4xx_HAL_Driver/Src/stm32f4xx_hal_adc_ex.o
LOAD Drivers/STM32F4xx_HAL_Driver/Src/stm32f4xx_hal_cortex.o
LOAD Drivers/STM32F4xx_HAL_Driver/Src/stm32f4xx_hal_dma.o
LOAD Drivers/STM32F4xx_HAL_Driver/Src/stm32f4xx_hal_dma_ex.o
LOAD Drivers/STM32F4xx_HAL_Driver/Src/stm32f4xx_hal_flash.o
LOAD Drivers/STM32F4xx_HAL_Driver/Src/stm32f4xx_hal_flash_ex.o
LOAD Drivers/STM32F4xx_HAL_Driver/Src/stm32f4xx_hal_flash_ramfunc.o
LOAD Drivers/STM32F4xx_HAL_Driver/Src/stm32f4xx_hal_gpio.o
LOAD Drivers/STM32F4xx_HAL_Driver/Src/stm32f4xx_hal_hcd.o
LOAD Drivers/STM32F4xx_HAL_Driver/Src/stm32f4xx_hal_i2c.o
LOAD Drivers/STM32F4xx_HAL_Driver/Src/stm32f4xx_hal_i2c_ex.o
LOAD Drivers/STM32F4xx_HAL_Driver/Src/stm32f4xx_hal_i2s.o
LOAD Drivers/STM32F4xx_HAL_Driver/Src/stm32f4xx_hal_i2s_ex.o
LOAD Drivers/STM32F4xx_HAL_Driver/Src/stm32f4xx_hal_pwr.o
LOAD Drivers/STM32F4xx_HAL_Driver/Src/stm32f4xx_hal_pwr_ex.o
LOAD Drivers/STM32F4xx_HAL_Driver/Src/stm32f4xx_hal_rcc.o
LOAD Drivers/STM32F4xx_HAL_Driver/Src/stm32f4xx_hal_rcc_ex.o
LOAD Drivers/STM32F4xx_HAL_Driver/Src/stm32f4xx_hal_rtc.o
LOAD Drivers/STM32F4xx_HAL_Driver/Src/stm32f4xx_hal_rtc_ex.o
LOAD Drivers/STM32F4xx_HAL_Driver/Src/stm32f4xx_hal_spi.o
LOAD Drivers/STM32F4xx_HAL_Driver/Src/stm32f4xx_hal_tim.o
LOAD Drivers/STM32F4xx_HAL_Driver/Src/stm32f4xx_hal_tim_ex.o
LOAD Drivers/STM32F4xx_HAL_Driver/Src/stm32f4xx_hal_uart.o
LOAD Drivers/STM32F4xx_HAL_Driver/Src/stm32f4xx_ll_usb.o
LOAD Middlewares/ST/STM32_USB_Host_Library/Class/CDC/Src/usbh_cdc.o
LOAD Middlewares/ST/STM32_USB_Host_Library/Core/Src/usbh_core.o
LOAD Middlewares/ST/STM32_USB_Host_Library/Core/Src/usbh_ctlreq.o
LOAD Middlewares/ST/STM32_USB_Host_Library/Core/Src/usbh_ioreq.o
LOAD Middlewares/ST/STM32_USB_Host_Library/Core/Src/usbh_pipes.o
LOAD Middlewares/Third_Party/FreeRTOS/Source/CMSIS_RTOS/cmsis_os.o
LOAD Middlewares/Third_Party/FreeRTOS/Source/croutine.o
LOAD Middlewares/Third_Party/FreeRTOS/Source/event_groups.o
LOAD Middlewares/Third_Party/FreeRTOS/Source/list.o
LOAD Middlewares/Third_Party/FreeRTOS/Source/queue.o
LOAD Middlewares/Third_Party/FreeRTOS/Source/tasks.o
LOAD Middlewares/Third_Party/FreeRTOS/Source/timers.o
LOAD Middlewares/Third_Party/FreeRTOS/Source/portable/GCC/ARM_CM4F/port.o
LOAD Middlewares/Third_Party/FreeRTOS/Source/portable/MemMang/heap_4.o
LOAD Src/freertos.o
LOAD Src/main.o
LOAD Src/stm32f4xx_hal_msp.o
LOAD Src/stm32f4xx_it.o
LOAD Src/system_stm32f4xx.o
LOAD Src/usb_host.o
LOAD Src/usbh_conf.o
LOAD Src/usbh_platform.o
LOAD startup/startup_stm32f407xx.o
LOAD d:/h4o5o1h0e4i7n1z/temp/stm32/systemworkbench/plugins/fr.ac6.mcu.externaltools.arm-none.win32_1.16.0.201807130628/tools/compiler/bin/../lib/gcc/arm-none-eabi/7.2.1/../../../../arm-none-eabi/lib/thumb/v7e-m/fpv4-sp/hard\libm.a
START GROUP
LOAD d:/h4o5o1h0e4i7n1z/temp/stm32/systemworkbench/plugins/fr.ac6.mcu.externaltools.arm-none.win32_1.16.0.201807130628/tools/compiler/bin/../lib/gcc/arm-none-eabi/7.2.1/thumb/v7e-m/fpv4-sp/hard\libgcc.a
LOAD d:/h4o5o1h0e4i7n1z/temp/stm32/systemworkbench/plugins/fr.ac6.mcu.externaltools.arm-none.win32_1.16.0.201807130628/tools/compiler/bin/../lib/gcc/arm-none-eabi/7.2.1/../../../../arm-none-eabi/lib/thumb/v7e-m/fpv4-sp/hard\libc_nano.a
END GROUP
START GROUP
LOAD d:/h4o5o1h0e4i7n1z/temp/stm32/systemworkbench/plugins/fr.ac6.mcu.externaltools.arm-none.win32_1.16.0.201807130628/tools/compiler/bin/../lib/gcc/arm-none-eabi/7.2.1/thumb/v7e-m/fpv4-sp/hard\libgcc.a
LOAD d:/h4o5o1h0e4i7n1z/temp/stm32/systemworkbench/plugins/fr.ac6.mcu.externaltools.arm-none.win32_1.16.0.201807130628/tools/compiler/bin/../lib/gcc/arm-none-eabi/7.2.1/../../../../arm-none-eabi/lib/thumb/v7e-m/fpv4-sp/hard\libc_nano.a
LOAD d:/h4o5o1h0e4i7n1z/temp/stm32/systemworkbench/plugins/fr.ac6.mcu.externaltools.arm-none.win32_1.16.0.201807130628/tools/compiler/bin/../lib/gcc/arm-none-eabi/7.2.1/../../../../arm-none-eabi/lib/thumb/v7e-m/fpv4-sp/hard\libnosys.a
END GROUP
START GROUP
LOAD d:/h4o5o1h0e4i7n1z/temp/stm32/systemworkbench/plugins/fr.ac6.mcu.externaltools.arm-none.win32_1.16.0.201807130628/tools/compiler/bin/../lib/gcc/arm-none-eabi/7.2.1/thumb/v7e-m/fpv4-sp/hard\libgcc.a
LOAD d:/h4o5o1h0e4i7n1z/temp/stm32/systemworkbench/plugins/fr.ac6.mcu.externaltools.arm-none.win32_1.16.0.201807130628/tools/compiler/bin/../lib/gcc/arm-none-eabi/7.2.1/../../../../arm-none-eabi/lib/thumb/v7e-m/fpv4-sp/hard\libc_nano.a
LOAD d:/h4o5o1h0e4i7n1z/temp/stm32/systemworkbench/plugins/fr.ac6.mcu.externaltools.arm-none.win32_1.16.0.201807130628/tools/compiler/bin/../lib/gcc/arm-none-eabi/7.2.1/../../../../arm-none-eabi/lib/thumb/v7e-m/fpv4-sp/hard\libnosys.a
END GROUP
LOAD d:/h4o5o1h0e4i7n1z/temp/stm32/systemworkbench/plugins/fr.ac6.mcu.externaltools.arm-none.win32_1.16.0.201807130628/tools/compiler/bin/../lib/gcc/arm-none-eabi/7.2.1/thumb/v7e-m/fpv4-sp/hard/crtend.o
LOAD d:/h4o5o1h0e4i7n1z/temp/stm32/systemworkbench/plugins/fr.ac6.mcu.externaltools.arm-none.win32_1.16.0.201807130628/tools/compiler/bin/../lib/gcc/arm-none-eabi/7.2.1/thumb/v7e-m/fpv4-sp/hard/crtn.o
                0x20020000                _estack = 0x20020000
                0x00000200                _Min_Heap_Size = 0x200
                0x00000400                _Min_Stack_Size = 0x400

.isr_vector     0x08000000      0x188
                0x08000000                . = ALIGN (0x4)
 *(.isr_vector)
 .isr_vector    0x08000000      0x188 startup/startup_stm32f407xx.o
                0x08000000                g_pfnVectors
                0x08000188                . = ALIGN (0x4)

.text           0x08000190     0x8abc
                0x08000190                . = ALIGN (0x4)
 *(.text)
 .text          0x08000190       0x40 d:/h4o5o1h0e4i7n1z/temp/stm32/systemworkbench/plugins/fr.ac6.mcu.externaltools.arm-none.win32_1.16.0.201807130628/tools/compiler/bin/../lib/gcc/arm-none-eabi/7.2.1/thumb/v7e-m/fpv4-sp/hard/crtbegin.o
 .text          0x080001d0       0x30 d:/h4o5o1h0e4i7n1z/temp/stm32/systemworkbench/plugins/fr.ac6.mcu.externaltools.arm-none.win32_1.16.0.201807130628/tools/compiler/bin/../lib/gcc/arm-none-eabi/7.2.1/thumb/v7e-m/fpv4-sp/hard\libgcc.a(_aeabi_uldivmod.o)
                0x080001d0                __aeabi_uldivmod
 .text          0x08000200      0x2cc d:/h4o5o1h0e4i7n1z/temp/stm32/systemworkbench/plugins/fr.ac6.mcu.externaltools.arm-none.win32_1.16.0.201807130628/tools/compiler/bin/../lib/gcc/arm-none-eabi/7.2.1/thumb/v7e-m/fpv4-sp/hard\libgcc.a(_udivmoddi4.o)
                0x08000200                __udivmoddi4
 .text          0x080004cc        0x4 d:/h4o5o1h0e4i7n1z/temp/stm32/systemworkbench/plugins/fr.ac6.mcu.externaltools.arm-none.win32_1.16.0.201807130628/tools/compiler/bin/../lib/gcc/arm-none-eabi/7.2.1/thumb/v7e-m/fpv4-sp/hard\libgcc.a(_dvmd_tls.o)
                0x080004cc                __aeabi_idiv0
                0x080004cc                __aeabi_ldiv0
 .text          0x080004d0       0x10 d:/h4o5o1h0e4i7n1z/temp/stm32/systemworkbench/plugins/fr.ac6.mcu.externaltools.arm-none.win32_1.16.0.201807130628/tools/compiler/bin/../lib/gcc/arm-none-eabi/7.2.1/../../../../arm-none-eabi/lib/thumb/v7e-m/fpv4-sp/hard\libc_nano.a(lib_a-strlen.o)
                0x080004d0                strlen
 .text          0x080004e0       0xa0 d:/h4o5o1h0e4i7n1z/temp/stm32/systemworkbench/plugins/fr.ac6.mcu.externaltools.arm-none.win32_1.16.0.201807130628/tools/compiler/bin/../lib/gcc/arm-none-eabi/7.2.1/../../../../arm-none-eabi/lib/thumb/v7e-m/fpv4-sp/hard\libc_nano.a(lib_a-memchr.o)
                0x080004e0                memchr
 *(.text*)
 .text.HAL_InitTick
                0x08000580       0x48 Drivers/STM32F4xx_HAL_Driver/Src/stm32f4xx_hal.o
                0x08000580                HAL_InitTick
 .text.HAL_Init
                0x080005c8       0x34 Drivers/STM32F4xx_HAL_Driver/Src/stm32f4xx_hal.o
                0x080005c8                HAL_Init
 .text.HAL_IncTick
                0x080005fc       0x18 Drivers/STM32F4xx_HAL_Driver/Src/stm32f4xx_hal.o
                0x080005fc                HAL_IncTick
 .text.HAL_GetTick
                0x08000614        0xc Drivers/STM32F4xx_HAL_Driver/Src/stm32f4xx_hal.o
                0x08000614                HAL_GetTick
 .text.HAL_Delay
                0x08000620       0x28 Drivers/STM32F4xx_HAL_Driver/Src/stm32f4xx_hal.o
                0x08000620                HAL_Delay
 .text.ADC_Init
                0x08000648      0x130 Drivers/STM32F4xx_HAL_Driver/Src/stm32f4xx_hal_adc.o
 .text.HAL_ADC_Init
                0x08000778       0x54 Drivers/STM32F4xx_HAL_Driver/Src/stm32f4xx_hal_adc.o
                0x08000778                HAL_ADC_Init
 .text.HAL_ADC_Start
                0x080007cc       0xf8 Drivers/STM32F4xx_HAL_Driver/Src/stm32f4xx_hal_adc.o
                0x080007cc                HAL_ADC_Start
 .text.HAL_ADC_PollForConversion
                0x080008c4       0xb6 Drivers/STM32F4xx_HAL_Driver/Src/stm32f4xx_hal_adc.o
                0x080008c4                HAL_ADC_PollForConversion
 .text.HAL_ADC_GetValue
                0x0800097a        0x6 Drivers/STM32F4xx_HAL_Driver/Src/stm32f4xx_hal_adc.o
                0x0800097a                HAL_ADC_GetValue
 .text.HAL_ADC_ConfigChannel
                0x08000980      0x190 Drivers/STM32F4xx_HAL_Driver/Src/stm32f4xx_hal_adc.o
                0x08000980                HAL_ADC_ConfigChannel
 .text.HAL_NVIC_SetPriorityGrouping
                0x08000b10       0x24 Drivers/STM32F4xx_HAL_Driver/Src/stm32f4xx_hal_cortex.o
                0x08000b10                HAL_NVIC_SetPriorityGrouping
 .text.HAL_NVIC_SetPriority
                0x08000b34       0x68 Drivers/STM32F4xx_HAL_Driver/Src/stm32f4xx_hal_cortex.o
                0x08000b34                HAL_NVIC_SetPriority
 .text.HAL_NVIC_EnableIRQ
                0x08000b9c       0x18 Drivers/STM32F4xx_HAL_Driver/Src/stm32f4xx_hal_cortex.o
                0x08000b9c                HAL_NVIC_EnableIRQ
 .text.HAL_SYSTICK_Config
                0x08000bb4       0x2c Drivers/STM32F4xx_HAL_Driver/Src/stm32f4xx_hal_cortex.o
                0x08000bb4                HAL_SYSTICK_Config
 .text.HAL_SYSTICK_CLKSourceConfig
                0x08000be0       0x20 Drivers/STM32F4xx_HAL_Driver/Src/stm32f4xx_hal_cortex.o
                0x08000be0                HAL_SYSTICK_CLKSourceConfig
 .text.HAL_GPIO_Init
                0x08000c00      0x1c8 Drivers/STM32F4xx_HAL_Driver/Src/stm32f4xx_hal_gpio.o
                0x08000c00                HAL_GPIO_Init
 .text.HAL_GPIO_ReadPin
                0x08000dc8        0xe Drivers/STM32F4xx_HAL_Driver/Src/stm32f4xx_hal_gpio.o
                0x08000dc8                HAL_GPIO_ReadPin
 .text.HAL_GPIO_WritePin
                0x08000dd6        0xc Drivers/STM32F4xx_HAL_Driver/Src/stm32f4xx_hal_gpio.o
                0x08000dd6                HAL_GPIO_WritePin
 .text.HAL_GPIO_TogglePin
                0x08000de2        0x8 Drivers/STM32F4xx_HAL_Driver/Src/stm32f4xx_hal_gpio.o
                0x08000de2                HAL_GPIO_TogglePin
 *fill*         0x08000dea        0x2 
 .text.HCD_RXQLVL_IRQHandler
                0x08000dec       0x7c Drivers/STM32F4xx_HAL_Driver/Src/stm32f4xx_hal_hcd.o
 .text.HAL_HCD_HC_Init
                0x08000e68       0x72 Drivers/STM32F4xx_HAL_Driver/Src/stm32f4xx_hal_hcd.o
                0x08000e68                HAL_HCD_HC_Init
 .text.HAL_HCD_HC_Halt
                0x08000eda       0x24 Drivers/STM32F4xx_HAL_Driver/Src/stm32f4xx_hal_hcd.o
                0x08000eda                HAL_HCD_HC_Halt
 .text.HAL_HCD_Init
                0x08000efe       0x78 Drivers/STM32F4xx_HAL_Driver/Src/stm32f4xx_hal_hcd.o
                0x08000efe                HAL_HCD_Init
 .text.HAL_HCD_HC_SubmitRequest
                0x08000f76      0x1cc Drivers/STM32F4xx_HAL_Driver/Src/stm32f4xx_hal_hcd.o
                0x08000f76                HAL_HCD_HC_SubmitRequest
 .text.HCD_Port_IRQHandler
                0x08001142       0xc8 Drivers/STM32F4xx_HAL_Driver/Src/stm32f4xx_hal_hcd.o
 .text.HCD_HC_IN_IRQHandler
                0x0800120a      0x28c Drivers/STM32F4xx_HAL_Driver/Src/stm32f4xx_hal_hcd.o
 .text.HCD_HC_OUT_IRQHandler
                0x08001496      0x29e Drivers/STM32F4xx_HAL_Driver/Src/stm32f4xx_hal_hcd.o
 .text.HAL_HCD_IRQHandler
                0x08001734      0x142 Drivers/STM32F4xx_HAL_Driver/Src/stm32f4xx_hal_hcd.o
                0x08001734                HAL_HCD_IRQHandler
 .text.HAL_HCD_Start
                0x08001876       0x2c Drivers/STM32F4xx_HAL_Driver/Src/stm32f4xx_hal_hcd.o
                0x08001876                HAL_HCD_Start
 .text.HAL_HCD_Stop
                0x080018a2       0x24 Drivers/STM32F4xx_HAL_Driver/Src/stm32f4xx_hal_hcd.o
                0x080018a2                HAL_HCD_Stop
 .text.HAL_HCD_ResetPort
                0x080018c6        0xa Drivers/STM32F4xx_HAL_Driver/Src/stm32f4xx_hal_hcd.o
                0x080018c6                HAL_HCD_ResetPort
 .text.HAL_HCD_HC_GetURBState
                0x080018d0        0xe Drivers/STM32F4xx_HAL_Driver/Src/stm32f4xx_hal_hcd.o
                0x080018d0                HAL_HCD_HC_GetURBState
 .text.HAL_HCD_HC_GetXferCount
                0x080018de        0xc Drivers/STM32F4xx_HAL_Driver/Src/stm32f4xx_hal_hcd.o
                0x080018de                HAL_HCD_HC_GetXferCount
 .text.HAL_HCD_GetCurrentFrame
                0x080018ea        0xa Drivers/STM32F4xx_HAL_Driver/Src/stm32f4xx_hal_hcd.o
                0x080018ea                HAL_HCD_GetCurrentFrame
 .text.HAL_HCD_GetCurrentSpeed
                0x080018f4        0xa Drivers/STM32F4xx_HAL_Driver/Src/stm32f4xx_hal_hcd.o
                0x080018f4                HAL_HCD_GetCurrentSpeed
 *fill*         0x080018fe        0x2 
 .text.HAL_I2C_Init
                0x08001900      0x11c Drivers/STM32F4xx_HAL_Driver/Src/stm32f4xx_hal_i2c.o
                0x08001900                HAL_I2C_Init
 .text.HAL_I2S_TxCpltCallback
                0x08001a1c        0x2 Drivers/STM32F4xx_HAL_Driver/Src/stm32f4xx_hal_i2s.o
                0x08001a1c                HAL_I2S_TxCpltCallback
 .text.I2S_Transmit_IT
                0x08001a1e       0x38 Drivers/STM32F4xx_HAL_Driver/Src/stm32f4xx_hal_i2s.o
 .text.HAL_I2S_RxCpltCallback
                0x08001a56        0x2 Drivers/STM32F4xx_HAL_Driver/Src/stm32f4xx_hal_i2s.o
                0x08001a56                HAL_I2S_RxCpltCallback
 .text.I2S_Receive_IT
                0x08001a58       0x38 Drivers/STM32F4xx_HAL_Driver/Src/stm32f4xx_hal_i2s.o
 .text.HAL_I2S_ErrorCallback
                0x08001a90        0x2 Drivers/STM32F4xx_HAL_Driver/Src/stm32f4xx_hal_i2s.o
                0x08001a90                HAL_I2S_ErrorCallback
 *fill*         0x08001a92        0x2 
 .text.HAL_I2S_Init
                0x08001a94      0x194 Drivers/STM32F4xx_HAL_Driver/Src/stm32f4xx_hal_i2s.o
                0x08001a94                HAL_I2S_Init
 .text.I2S_IRQHandler
                0x08001c28       0xd8 Drivers/STM32F4xx_HAL_Driver/Src/stm32f4xx_hal_i2s.o
 .text.HAL_I2SEx_TxRxCpltCallback
                0x08001d00        0x2 Drivers/STM32F4xx_HAL_Driver/Src/stm32f4xx_hal_i2s_ex.o
                0x08001d00                HAL_I2SEx_TxRxCpltCallback
 *fill*         0x08001d02        0x2 
 .text.I2SEx_FullDuplexTx_IT
                0x08001d04       0xa0 Drivers/STM32F4xx_HAL_Driver/Src/stm32f4xx_hal_i2s_ex.o
 .text.I2SEx_FullDuplexRx_IT
                0x08001da4       0xa0 Drivers/STM32F4xx_HAL_Driver/Src/stm32f4xx_hal_i2s_ex.o
 .text.HAL_I2SEx_FullDuplex_IRQHandler
                0x08001e44      0x208 Drivers/STM32F4xx_HAL_Driver/Src/stm32f4xx_hal_i2s_ex.o
                0x08001e44                HAL_I2SEx_FullDuplex_IRQHandler
 .text.HAL_RCC_OscConfig
                0x0800204c      0x398 Drivers/STM32F4xx_HAL_Driver/Src/stm32f4xx_hal_rcc.o
                0x0800204c                HAL_RCC_OscConfig
 .text.HAL_RCC_GetSysClockFreq
                0x080023e4       0xd8 Drivers/STM32F4xx_HAL_Driver/Src/stm32f4xx_hal_rcc.o
                0x080023e4                HAL_RCC_GetSysClockFreq
 .text.HAL_RCC_ClockConfig
                0x080024bc      0x158 Drivers/STM32F4xx_HAL_Driver/Src/stm32f4xx_hal_rcc.o
                0x080024bc                HAL_RCC_ClockConfig
 .text.HAL_RCC_GetHCLKFreq
                0x08002614        0xc Drivers/STM32F4xx_HAL_Driver/Src/stm32f4xx_hal_rcc.o
                0x08002614                HAL_RCC_GetHCLKFreq
 .text.HAL_RCC_GetPCLK1Freq
                0x08002620       0x20 Drivers/STM32F4xx_HAL_Driver/Src/stm32f4xx_hal_rcc.o
                0x08002620                HAL_RCC_GetPCLK1Freq
 .text.HAL_RCC_GetPCLK2Freq
                0x08002640       0x20 Drivers/STM32F4xx_HAL_Driver/Src/stm32f4xx_hal_rcc.o
                0x08002640                HAL_RCC_GetPCLK2Freq
 .text.HAL_RCCEx_PeriphCLKConfig
                0x08002660      0x154 Drivers/STM32F4xx_HAL_Driver/Src/stm32f4xx_hal_rcc_ex.o
                0x08002660                HAL_RCCEx_PeriphCLKConfig
 .text.HAL_RCCEx_GetPeriphCLKFreq
                0x080027b4       0x74 Drivers/STM32F4xx_HAL_Driver/Src/stm32f4xx_hal_rcc_ex.o
                0x080027b4                HAL_RCCEx_GetPeriphCLKFreq
 .text.HAL_RTC_WaitForSynchro
                0x08002828       0x32 Drivers/STM32F4xx_HAL_Driver/Src/stm32f4xx_hal_rtc.o
                0x08002828                HAL_RTC_WaitForSynchro
 .text.RTC_EnterInitMode
                0x0800285a       0x3c Drivers/STM32F4xx_HAL_Driver/Src/stm32f4xx_hal_rtc.o
                0x0800285a                RTC_EnterInitMode
 .text.HAL_RTC_Init
                0x08002896       0xc4 Drivers/STM32F4xx_HAL_Driver/Src/stm32f4xx_hal_rtc.o
                0x08002896                HAL_RTC_Init
 .text.RTC_ByteToBcd2
                0x0800295a       0x16 Drivers/STM32F4xx_HAL_Driver/Src/stm32f4xx_hal_rtc.o
                0x0800295a                RTC_ByteToBcd2
 .text.HAL_RTC_SetDate
                0x08002970       0xda Drivers/STM32F4xx_HAL_Driver/Src/stm32f4xx_hal_rtc.o
                0x08002970                HAL_RTC_SetDate
 .text.HAL_RTC_SetTime
                0x08002a4a       0xfe Drivers/STM32F4xx_HAL_Driver/Src/stm32f4xx_hal_rtc.o
                0x08002a4a                HAL_RTC_SetTime
 .text.HAL_SPI_Init
                0x08002b48       0x80 Drivers/STM32F4xx_HAL_Driver/Src/stm32f4xx_hal_spi.o
                0x08002b48                HAL_SPI_Init
 .text.TIM_OC1_SetConfig
                0x08002bc8       0x5c Drivers/STM32F4xx_HAL_Driver/Src/stm32f4xx_hal_tim.o
 .text.TIM_OC3_SetConfig
                0x08002c24       0x60 Drivers/STM32F4xx_HAL_Driver/Src/stm32f4xx_hal_tim.o
 .text.TIM_OC4_SetConfig
                0x08002c84       0x50 Drivers/STM32F4xx_HAL_Driver/Src/stm32f4xx_hal_tim.o
 .text.TIM_TI1_ConfigInputStage
                0x08002cd4       0x26 Drivers/STM32F4xx_HAL_Driver/Src/stm32f4xx_hal_tim.o
 .text.TIM_TI2_ConfigInputStage
                0x08002cfa       0x28 Drivers/STM32F4xx_HAL_Driver/Src/stm32f4xx_hal_tim.o
 .text.TIM_ITRx_SetConfig
                0x08002d22       0x10 Drivers/STM32F4xx_HAL_Driver/Src/stm32f4xx_hal_tim.o
 .text.TIM_ETR_SetConfig
                0x08002d32       0x18 Drivers/STM32F4xx_HAL_Driver/Src/stm32f4xx_hal_tim.o
 .text.HAL_TIM_Base_Start
                0x08002d4a       0x1a Drivers/STM32F4xx_HAL_Driver/Src/stm32f4xx_hal_tim.o
                0x08002d4a                HAL_TIM_Base_Start
 .text.HAL_TIM_PWM_MspInit
                0x08002d64        0x2 Drivers/STM32F4xx_HAL_Driver/Src/stm32f4xx_hal_tim.o
                0x08002d64                HAL_TIM_PWM_MspInit
 .text.HAL_TIM_ConfigClockSource
                0x08002d66      0x108 Drivers/STM32F4xx_HAL_Driver/Src/stm32f4xx_hal_tim.o
                0x08002d66                HAL_TIM_ConfigClockSource
 *fill*         0x08002e6e        0x2 
 .text.TIM_Base_SetConfig
                0x08002e70       0xc0 Drivers/STM32F4xx_HAL_Driver/Src/stm32f4xx_hal_tim.o
                0x08002e70                TIM_Base_SetConfig
 .text.HAL_TIM_Base_Init
                0x08002f30       0x32 Drivers/STM32F4xx_HAL_Driver/Src/stm32f4xx_hal_tim.o
                0x08002f30                HAL_TIM_Base_Init
 .text.HAL_TIM_PWM_Init
                0x08002f62       0x32 Drivers/STM32F4xx_HAL_Driver/Src/stm32f4xx_hal_tim.o
                0x08002f62                HAL_TIM_PWM_Init
 .text.TIM_OC2_SetConfig
                0x08002f94       0x64 Drivers/STM32F4xx_HAL_Driver/Src/stm32f4xx_hal_tim.o
                0x08002f94                TIM_OC2_SetConfig
 .text.HAL_TIM_PWM_ConfigChannel
                0x08002ff8       0xdc Drivers/STM32F4xx_HAL_Driver/Src/stm32f4xx_hal_tim.o
                0x08002ff8                HAL_TIM_PWM_ConfigChannel
 .text.TIM_CCxChannelCmd
                0x080030d4       0x1e Drivers/STM32F4xx_HAL_Driver/Src/stm32f4xx_hal_tim.o
                0x080030d4                TIM_CCxChannelCmd
 *fill*         0x080030f2        0x2 
 .text.HAL_TIM_PWM_Start
                0x080030f4       0x38 Drivers/STM32F4xx_HAL_Driver/Src/stm32f4xx_hal_tim.o
                0x080030f4                HAL_TIM_PWM_Start
 .text.HAL_TIMEx_MasterConfigSynchronization
                0x0800312c       0x52 Drivers/STM32F4xx_HAL_Driver/Src/stm32f4xx_hal_tim_ex.o
                0x0800312c                HAL_TIMEx_MasterConfigSynchronization
 .text.HAL_TIMEx_ConfigBreakDeadTime
                0x0800317e       0x58 Drivers/STM32F4xx_HAL_Driver/Src/stm32f4xx_hal_tim_ex.o
                0x0800317e                HAL_TIMEx_ConfigBreakDeadTime
 *fill*         0x080031d6        0x2 
 .text.UART_SetConfig
                0x080031d8      0x334 Drivers/STM32F4xx_HAL_Driver/Src/stm32f4xx_hal_uart.o
 .text.UART_WaitOnFlagUntilTimeout
                0x0800350c       0x62 Drivers/STM32F4xx_HAL_Driver/Src/stm32f4xx_hal_uart.o
 .text.HAL_UART_Init
                0x0800356e       0x5e Drivers/STM32F4xx_HAL_Driver/Src/stm32f4xx_hal_uart.o
                0x0800356e                HAL_UART_Init
 .text.HAL_UART_Transmit
                0x080035cc       0xe0 Drivers/STM32F4xx_HAL_Driver/Src/stm32f4xx_hal_uart.o
                0x080035cc                HAL_UART_Transmit
 .text.HAL_UART_Receive
                0x080036ac       0xe4 Drivers/STM32F4xx_HAL_Driver/Src/stm32f4xx_hal_uart.o
                0x080036ac                HAL_UART_Receive
 .text.USB_CoreInit
                0x08003790       0x7c Drivers/STM32F4xx_HAL_Driver/Src/stm32f4xx_ll_usb.o
                0x08003790                USB_CoreInit
 .text.USB_EnableGlobalInt
                0x0800380c        0xc Drivers/STM32F4xx_HAL_Driver/Src/stm32f4xx_ll_usb.o
                0x0800380c                USB_EnableGlobalInt
 .text.USB_DisableGlobalInt
                0x08003818        0xc Drivers/STM32F4xx_HAL_Driver/Src/stm32f4xx_ll_usb.o
                0x08003818                USB_DisableGlobalInt
 .text.USB_SetCurrentMode
                0x08003824       0x2c Drivers/STM32F4xx_HAL_Driver/Src/stm32f4xx_ll_usb.o
                0x08003824                USB_SetCurrentMode
 .text.USB_FlushTxFifo
                0x08003850       0x28 Drivers/STM32F4xx_HAL_Driver/Src/stm32f4xx_ll_usb.o
                0x08003850                USB_FlushTxFifo
 .text.USB_FlushRxFifo
                0x08003878       0x24 Drivers/STM32F4xx_HAL_Driver/Src/stm32f4xx_ll_usb.o
                0x08003878                USB_FlushRxFifo
 .text.USB_WritePacket
                0x0800389c       0x28 Drivers/STM32F4xx_HAL_Driver/Src/stm32f4xx_ll_usb.o
                0x0800389c                USB_WritePacket
 .text.USB_ReadPacket
                0x080038c4       0x28 Drivers/STM32F4xx_HAL_Driver/Src/stm32f4xx_ll_usb.o
                0x080038c4                USB_ReadPacket
 .text.USB_ReadInterrupts
                0x080038ec        0x8 Drivers/STM32F4xx_HAL_Driver/Src/stm32f4xx_ll_usb.o
                0x080038ec                USB_ReadInterrupts
 .text.USB_GetMode
                0x080038f4        0x8 Drivers/STM32F4xx_HAL_Driver/Src/stm32f4xx_ll_usb.o
                0x080038f4                USB_GetMode
 .text.USB_CoreReset
                0x080038fc       0x3c Drivers/STM32F4xx_HAL_Driver/Src/stm32f4xx_ll_usb.o
 .text.USB_HostInit
                0x08003938       0xec Drivers/STM32F4xx_HAL_Driver/Src/stm32f4xx_ll_usb.o
                0x08003938                USB_HostInit
 .text.USB_InitFSLSPClkSel
                0x08003a24       0x40 Drivers/STM32F4xx_HAL_Driver/Src/stm32f4xx_ll_usb.o
                0x08003a24                USB_InitFSLSPClkSel
 .text.USB_ResetPort
                0x08003a64       0x34 Drivers/STM32F4xx_HAL_Driver/Src/stm32f4xx_ll_usb.o
                0x08003a64                USB_ResetPort
 .text.USB_DriveVbus
                0x08003a98       0x42 Drivers/STM32F4xx_HAL_Driver/Src/stm32f4xx_ll_usb.o
                0x08003a98                USB_DriveVbus
 .text.USB_GetHostSpeed
                0x08003ada       0x12 Drivers/STM32F4xx_HAL_Driver/Src/stm32f4xx_ll_usb.o
                0x08003ada                USB_GetHostSpeed
 .text.USB_GetCurrentFrame
                0x08003aec        0xa Drivers/STM32F4xx_HAL_Driver/Src/stm32f4xx_ll_usb.o
                0x08003aec                USB_GetCurrentFrame
 .text.USB_HC_Init
                0x08003af6       0xe0 Drivers/STM32F4xx_HAL_Driver/Src/stm32f4xx_ll_usb.o
                0x08003af6                USB_HC_Init
 *fill*         0x08003bd6        0x2 
 .text.USB_HC_StartXfer
                0x08003bd8      0x274 Drivers/STM32F4xx_HAL_Driver/Src/stm32f4xx_ll_usb.o
                0x08003bd8                USB_HC_StartXfer
 .text.USB_HC_ReadInterrupt
                0x08003e4c       0x1e Drivers/STM32F4xx_HAL_Driver/Src/stm32f4xx_ll_usb.o
                0x08003e4c                USB_HC_ReadInterrupt
 .text.USB_HC_Halt
                0x08003e6a      0x1c2 Drivers/STM32F4xx_HAL_Driver/Src/stm32f4xx_ll_usb.o
                0x08003e6a                USB_HC_Halt
 .text.USB_DoPing
                0x0800402c       0x74 Drivers/STM32F4xx_HAL_Driver/Src/stm32f4xx_ll_usb.o
                0x0800402c                USB_DoPing
 .text.USB_StopHost
                0x080040a0      0x108 Drivers/STM32F4xx_HAL_Driver/Src/stm32f4xx_ll_usb.o
                0x080040a0                USB_StopHost
 .text.USBH_CDC_SOFProcess
                0x080041a8        0x4 Middlewares/ST/STM32_USB_Host_Library/Class/CDC/Src/usbh_cdc.o
 .text.SetLineCoding
                0x080041ac       0x1a Middlewares/ST/STM32_USB_Host_Library/Class/CDC/Src/usbh_cdc.o
 .text.GetLineCoding
                0x080041c6       0x1a Middlewares/ST/STM32_USB_Host_Library/Class/CDC/Src/usbh_cdc.o
 .text.USBH_CDC_ClassRequest
                0x080041e0       0x22 Middlewares/ST/STM32_USB_Host_Library/Class/CDC/Src/usbh_cdc.o
 .text.USBH_CDC_InterfaceDeInit
                0x08004202       0x68 Middlewares/ST/STM32_USB_Host_Library/Class/CDC/Src/usbh_cdc.o
 .text.USBH_CDC_InterfaceInit
                0x0800426a      0x160 Middlewares/ST/STM32_USB_Host_Library/Class/CDC/Src/usbh_cdc.o
 .text.USBH_CDC_TransmitCallback
                0x080043ca        0x2 Middlewares/ST/STM32_USB_Host_Library/Class/CDC/Src/usbh_cdc.o
                0x080043ca                USBH_CDC_TransmitCallback
 .text.CDC_ProcessTransmission
                0x080043cc       0xac Middlewares/ST/STM32_USB_Host_Library/Class/CDC/Src/usbh_cdc.o
 .text.USBH_CDC_ReceiveCallback
                0x08004478        0x2 Middlewares/ST/STM32_USB_Host_Library/Class/CDC/Src/usbh_cdc.o
                0x08004478                USBH_CDC_ReceiveCallback
 .text.CDC_ProcessReception
                0x0800447a       0x76 Middlewares/ST/STM32_USB_Host_Library/Class/CDC/Src/usbh_cdc.o
 .text.USBH_CDC_LineCodingChanged
                0x080044f0        0x2 Middlewares/ST/STM32_USB_Host_Library/Class/CDC/Src/usbh_cdc.o
                0x080044f0                USBH_CDC_LineCodingChanged
 .text.USBH_CDC_Process
                0x080044f2       0xb8 Middlewares/ST/STM32_USB_Host_Library/Class/CDC/Src/usbh_cdc.o
 .text.DeInitStateMachine
                0x080045aa       0x4c Middlewares/ST/STM32_USB_Host_Library/Core/Src/usbh_core.o
 .text.USBH_HandleSof
                0x080045f6       0x1a Middlewares/ST/STM32_USB_Host_Library/Core/Src/usbh_core.o
 .text.USBH_HandleEnum
                0x08004610      0x1a2 Middlewares/ST/STM32_USB_Host_Library/Core/Src/usbh_core.o
 *fill*         0x080047b2        0x2 
 .text.USBH_Init
                0x080047b4       0x68 Middlewares/ST/STM32_USB_Host_Library/Core/Src/usbh_core.o
                0x080047b4                USBH_Init
 .text.USBH_RegisterClass
                0x0800481c       0x22 Middlewares/ST/STM32_USB_Host_Library/Core/Src/usbh_core.o
                0x0800481c                USBH_RegisterClass
 .text.USBH_SelectInterface
                0x0800483e       0x14 Middlewares/ST/STM32_USB_Host_Library/Core/Src/usbh_core.o
                0x0800483e                USBH_SelectInterface
 .text.USBH_FindInterface
                0x08004852       0x52 Middlewares/ST/STM32_USB_Host_Library/Core/Src/usbh_core.o
                0x08004852                USBH_FindInterface
 .text.USBH_Start
                0x080048a4       0x14 Middlewares/ST/STM32_USB_Host_Library/Core/Src/usbh_core.o
                0x080048a4                USBH_Start
 .text.USBH_Process
                0x080048b8      0x1ce Middlewares/ST/STM32_USB_Host_Library/Core/Src/usbh_core.o
                0x080048b8                USBH_Process
 .text.USBH_Process_OS
                0x08004a86       0x22 Middlewares/ST/STM32_USB_Host_Library/Core/Src/usbh_core.o
 .text.USBH_LL_SetTimer
                0x08004aa8        0x6 Middlewares/ST/STM32_USB_Host_Library/Core/Src/usbh_core.o
                0x08004aa8                USBH_LL_SetTimer
 .text.USBH_LL_IncTimer
                0x08004aae       0x12 Middlewares/ST/STM32_USB_Host_Library/Core/Src/usbh_core.o
                0x08004aae                USBH_LL_IncTimer
 .text.USBH_LL_Connect
                0x08004ac0       0x36 Middlewares/ST/STM32_USB_Host_Library/Core/Src/usbh_core.o
                0x08004ac0                USBH_LL_Connect
 .text.USBH_LL_Disconnect
                0x08004af6       0x44 Middlewares/ST/STM32_USB_Host_Library/Core/Src/usbh_core.o
                0x08004af6                USBH_LL_Disconnect
 .text.USBH_LL_NotifyURBChange
                0x08004b3a       0x12 Middlewares/ST/STM32_USB_Host_Library/Core/Src/usbh_core.o
                0x08004b3a                USBH_LL_NotifyURBChange
 .text.USBH_ParseDevDesc
                0x08004b4c       0x5c Middlewares/ST/STM32_USB_Host_Library/Core/Src/usbh_ctlreq.o
 .text.USBH_ParseInterfaceDesc
                0x08004ba8       0x26 Middlewares/ST/STM32_USB_Host_Library/Core/Src/usbh_ctlreq.o
 .text.USBH_ParseEPDesc
                0x08004bce       0x20 Middlewares/ST/STM32_USB_Host_Library/Core/Src/usbh_ctlreq.o
 .text.USBH_ParseStringDesc
                0x08004bee       0x3c Middlewares/ST/STM32_USB_Host_Library/Core/Src/usbh_ctlreq.o
 .text.USBH_HandleControl
                0x08004c2a      0x288 Middlewares/ST/STM32_USB_Host_Library/Core/Src/usbh_ctlreq.o
 .text.USBH_GetNextDesc
                0x08004eb2        0xe Middlewares/ST/STM32_USB_Host_Library/Core/Src/usbh_ctlreq.o
                0x08004eb2                USBH_GetNextDesc
 .text.USBH_ParseCfgDesc
                0x08004ec0       0xc8 Middlewares/ST/STM32_USB_Host_Library/Core/Src/usbh_ctlreq.o
 .text.USBH_CtlReq
                0x08004f88       0x4a Middlewares/ST/STM32_USB_Host_Library/Core/Src/usbh_ctlreq.o
                0x08004f88                USBH_CtlReq
 .text.USBH_GetDescriptor
                0x08004fd2       0x3c Middlewares/ST/STM32_USB_Host_Library/Core/Src/usbh_ctlreq.o
                0x08004fd2                USBH_GetDescriptor
 .text.USBH_Get_DevDesc
                0x0800500e       0x32 Middlewares/ST/STM32_USB_Host_Library/Core/Src/usbh_ctlreq.o
                0x0800500e                USBH_Get_DevDesc
 .text.USBH_Get_CfgDesc
                0x08005040       0x32 Middlewares/ST/STM32_USB_Host_Library/Core/Src/usbh_ctlreq.o
                0x08005040                USBH_Get_CfgDesc
 .text.USBH_Get_StringDesc
                0x08005072       0x30 Middlewares/ST/STM32_USB_Host_Library/Core/Src/usbh_ctlreq.o
                0x08005072                USBH_Get_StringDesc
 .text.USBH_SetAddress
                0x080050a2       0x22 Middlewares/ST/STM32_USB_Host_Library/Core/Src/usbh_ctlreq.o
                0x080050a2                USBH_SetAddress
 .text.USBH_SetCfg
                0x080050c4       0x22 Middlewares/ST/STM32_USB_Host_Library/Core/Src/usbh_ctlreq.o
                0x080050c4                USBH_SetCfg
 .text.USBH_ClrFeature
                0x080050e6       0x24 Middlewares/ST/STM32_USB_Host_Library/Core/Src/usbh_ctlreq.o
                0x080050e6                USBH_ClrFeature
 .text.USBH_CtlSendSetup
                0x0800510a       0x22 Middlewares/ST/STM32_USB_Host_Library/Core/Src/usbh_ioreq.o
                0x0800510a                USBH_CtlSendSetup
 .text.USBH_CtlSendData
                0x0800512c       0x2c Middlewares/ST/STM32_USB_Host_Library/Core/Src/usbh_ioreq.o
                0x0800512c                USBH_CtlSendData
 .text.USBH_CtlReceiveData
                0x08005158       0x20 Middlewares/ST/STM32_USB_Host_Library/Core/Src/usbh_ioreq.o
                0x08005158                USBH_CtlReceiveData
 .text.USBH_BulkSendData
                0x08005178       0x2c Middlewares/ST/STM32_USB_Host_Library/Core/Src/usbh_ioreq.o
                0x08005178                USBH_BulkSendData
 .text.USBH_BulkReceiveData
                0x080051a4       0x20 Middlewares/ST/STM32_USB_Host_Library/Core/Src/usbh_ioreq.o
                0x080051a4                USBH_BulkReceiveData
 .text.USBH_GetFreePipe
                0x080051c4       0x26 Middlewares/ST/STM32_USB_Host_Library/Core/Src/usbh_pipes.o
 .text.USBH_OpenPipe
                0x080051ea       0x20 Middlewares/ST/STM32_USB_Host_Library/Core/Src/usbh_pipes.o
                0x080051ea                USBH_OpenPipe
 .text.USBH_ClosePipe
                0x0800520a        0xa Middlewares/ST/STM32_USB_Host_Library/Core/Src/usbh_pipes.o
                0x0800520a                USBH_ClosePipe
 .text.USBH_AllocPipe
                0x08005214       0x24 Middlewares/ST/STM32_USB_Host_Library/Core/Src/usbh_pipes.o
                0x08005214                USBH_AllocPipe
 .text.USBH_FreePipe
                0x08005238       0x16 Middlewares/ST/STM32_USB_Host_Library/Core/Src/usbh_pipes.o
                0x08005238                USBH_FreePipe
 .text.makeFreeRtosPriority
                0x0800524e        0xc Middlewares/Third_Party/FreeRTOS/Source/CMSIS_RTOS/cmsis_os.o
 .text.inHandlerMode
                0x0800525a        0xc Middlewares/Third_Party/FreeRTOS/Source/CMSIS_RTOS/cmsis_os.o
 .text.osKernelStart
                0x08005266        0xa Middlewares/Third_Party/FreeRTOS/Source/CMSIS_RTOS/cmsis_os.o
                0x08005266                osKernelStart
 .text.osThreadCreate
                0x08005270       0x34 Middlewares/Third_Party/FreeRTOS/Source/CMSIS_RTOS/cmsis_os.o
                0x08005270                osThreadCreate
 .text.osDelay  0x080052a4       0x12 Middlewares/Third_Party/FreeRTOS/Source/CMSIS_RTOS/cmsis_os.o
                0x080052a4                osDelay
 .text.osMessageCreate
                0x080052b6        0xe Middlewares/Third_Party/FreeRTOS/Source/CMSIS_RTOS/cmsis_os.o
                0x080052b6                osMessageCreate
 .text.osMessagePut
                0x080052c4       0x68 Middlewares/Third_Party/FreeRTOS/Source/CMSIS_RTOS/cmsis_os.o
                0x080052c4                osMessagePut
 .text.osMessageGet
                0x0800532c       0xa0 Middlewares/Third_Party/FreeRTOS/Source/CMSIS_RTOS/cmsis_os.o
                0x0800532c                osMessageGet
 .text.osSystickHandler
                0x080053cc       0x10 Middlewares/Third_Party/FreeRTOS/Source/CMSIS_RTOS/cmsis_os.o
                0x080053cc                osSystickHandler
 .text.vListInitialise
                0x080053dc       0x16 Middlewares/Third_Party/FreeRTOS/Source/list.o
                0x080053dc                vListInitialise
 .text.vListInitialiseItem
                0x080053f2        0x6 Middlewares/Third_Party/FreeRTOS/Source/list.o
                0x080053f2                vListInitialiseItem
 .text.vListInsertEnd
                0x080053f8       0x18 Middlewares/Third_Party/FreeRTOS/Source/list.o
                0x080053f8                vListInsertEnd
 .text.vListInsert
                0x08005410       0x34 Middlewares/Third_Party/FreeRTOS/Source/list.o
                0x08005410                vListInsert
 .text.uxListRemove
                0x08005444       0x26 Middlewares/Third_Party/FreeRTOS/Source/list.o
                0x08005444                uxListRemove
 .text.prvIsQueueFull
                0x0800546a       0x1e Middlewares/Third_Party/FreeRTOS/Source/queue.o
 .text.prvIsQueueEmpty
                0x08005488       0x1a Middlewares/Third_Party/FreeRTOS/Source/queue.o
 .text.prvCopyDataToQueue
                0x080054a2       0x76 Middlewares/Third_Party/FreeRTOS/Source/queue.o
 .text.prvCopyDataFromQueue
                0x08005518       0x24 Middlewares/Third_Party/FreeRTOS/Source/queue.o
 .text.prvUnlockQueue
                0x0800553c       0x6e Middlewares/Third_Party/FreeRTOS/Source/queue.o
 *fill*         0x080055aa        0x2 
 .text.xQueueGenericReset
                0x080055ac       0x84 Middlewares/Third_Party/FreeRTOS/Source/queue.o
                0x080055ac                xQueueGenericReset
 .text.prvInitialiseNewQueue
                0x08005630       0x1c Middlewares/Third_Party/FreeRTOS/Source/queue.o
 .text.xQueueGenericCreate
                0x0800564c       0x48 Middlewares/Third_Party/FreeRTOS/Source/queue.o
                0x0800564c                xQueueGenericCreate
 .text.xQueueGenericSend
                0x08005694      0x17c Middlewares/Third_Party/FreeRTOS/Source/queue.o
                0x08005694                xQueueGenericSend
 .text.xQueueGenericSendFromISR
                0x08005810       0xcc Middlewares/Third_Party/FreeRTOS/Source/queue.o
                0x08005810                xQueueGenericSendFromISR
 .text.xQueueGenericReceive
                0x080058dc      0x1a4 Middlewares/Third_Party/FreeRTOS/Source/queue.o
                0x080058dc                xQueueGenericReceive
 .text.xQueueReceiveFromISR
                0x08005a80       0xaa Middlewares/Third_Party/FreeRTOS/Source/queue.o
                0x08005a80                xQueueReceiveFromISR
 *fill*         0x08005b2a        0x2 
 .text.prvResetNextTaskUnblockTime
                0x08005b2c       0x24 Middlewares/Third_Party/FreeRTOS/Source/tasks.o
 .text.prvDeleteTCB
                0x08005b50       0x12 Middlewares/Third_Party/FreeRTOS/Source/tasks.o
 .text.prvInitialiseNewTask
                0x08005b62       0x80 Middlewares/Third_Party/FreeRTOS/Source/tasks.o
 *fill*         0x08005be2        0x2 
 .text.prvInitialiseTaskLists
                0x08005be4       0x58 Middlewares/Third_Party/FreeRTOS/Source/tasks.o
 .text.prvAddNewTaskToReadyList
                0x08005c3c       0xac Middlewares/Third_Party/FreeRTOS/Source/tasks.o
 .text.prvAddCurrentTaskToDelayedList
                0x08005ce8       0x88 Middlewares/Third_Party/FreeRTOS/Source/tasks.o
 .text.xTaskCreate
                0x08005d70       0x62 Middlewares/Third_Party/FreeRTOS/Source/tasks.o
                0x08005d70                xTaskCreate
 *fill*         0x08005dd2        0x2 
 .text.vTaskStartScheduler
                0x08005dd4       0x74 Middlewares/Third_Party/FreeRTOS/Source/tasks.o
                0x08005dd4                vTaskStartScheduler
 .text.vTaskSuspendAll
                0x08005e48       0x14 Middlewares/Third_Party/FreeRTOS/Source/tasks.o
                0x08005e48                vTaskSuspendAll
 .text.xTaskIncrementTick
                0x08005e5c      0x10c Middlewares/Third_Party/FreeRTOS/Source/tasks.o
                0x08005e5c                xTaskIncrementTick
 .text.xTaskResumeAll
                0x08005f68       0xf0 Middlewares/Third_Party/FreeRTOS/Source/tasks.o
                0x08005f68                xTaskResumeAll
 .text.vTaskDelay
                0x08006058       0x4c Middlewares/Third_Party/FreeRTOS/Source/tasks.o
                0x08006058                vTaskDelay
 .text.prvCheckTasksWaitingTermination
                0x080060a4       0x54 Middlewares/Third_Party/FreeRTOS/Source/tasks.o
 .text.prvIdleTask
                0x080060f8       0x28 Middlewares/Third_Party/FreeRTOS/Source/tasks.o
 .text.vTaskSwitchContext
                0x08006120       0x90 Middlewares/Third_Party/FreeRTOS/Source/tasks.o
                0x08006120                vTaskSwitchContext
 .text.vTaskPlaceOnEventList
                0x080061b0       0x34 Middlewares/Third_Party/FreeRTOS/Source/tasks.o
                0x080061b0                vTaskPlaceOnEventList
 .text.xTaskRemoveFromEventList
                0x080061e4       0x84 Middlewares/Third_Party/FreeRTOS/Source/tasks.o
                0x080061e4                xTaskRemoveFromEventList
 .text.vTaskSetTimeOutState
                0x08006268       0x28 Middlewares/Third_Party/FreeRTOS/Source/tasks.o
                0x08006268                vTaskSetTimeOutState
 .text.xTaskCheckForTimeOut
                0x08006290       0x80 Middlewares/Third_Party/FreeRTOS/Source/tasks.o
                0x08006290                xTaskCheckForTimeOut
 .text.vTaskMissedYield
                0x08006310       0x10 Middlewares/Third_Party/FreeRTOS/Source/tasks.o
                0x08006310                vTaskMissedYield
 .text.xTaskGetSchedulerState
                0x08006320       0x20 Middlewares/Third_Party/FreeRTOS/Source/tasks.o
                0x08006320                xTaskGetSchedulerState
 .text.vTaskPriorityInherit
                0x08006340       0xac Middlewares/Third_Party/FreeRTOS/Source/tasks.o
                0x08006340                vTaskPriorityInherit
 .text.xTaskPriorityDisinherit
                0x080063ec       0xb0 Middlewares/Third_Party/FreeRTOS/Source/tasks.o
                0x080063ec                xTaskPriorityDisinherit
 .text.pvTaskIncrementMutexHeldCount
                0x0800649c       0x20 Middlewares/Third_Party/FreeRTOS/Source/tasks.o
                0x0800649c                pvTaskIncrementMutexHeldCount
 .text.prvTaskExitError
                0x080064bc       0x34 Middlewares/Third_Party/FreeRTOS/Source/portable/GCC/ARM_CM4F/port.o
 .text.prvPortStartFirstTask
                0x080064f0       0x20 Middlewares/Third_Party/FreeRTOS/Source/portable/GCC/ARM_CM4F/port.o
 .text.vPortEnableVFP
                0x08006510       0x14 Middlewares/Third_Party/FreeRTOS/Source/portable/GCC/ARM_CM4F/port.o
 .text.pxPortInitialiseStack
                0x08006524       0x2c Middlewares/Third_Party/FreeRTOS/Source/portable/GCC/ARM_CM4F/port.o
                0x08006524                pxPortInitialiseStack
 .text.SVC_Handler
                0x08006550       0x24 Middlewares/Third_Party/FreeRTOS/Source/portable/GCC/ARM_CM4F/port.o
                0x08006550                SVC_Handler
 .text.vPortEnterCritical
                0x08006574       0x44 Middlewares/Third_Party/FreeRTOS/Source/portable/GCC/ARM_CM4F/port.o
                0x08006574                vPortEnterCritical
 .text.vPortExitCritical
                0x080065b8       0x2c Middlewares/Third_Party/FreeRTOS/Source/portable/GCC/ARM_CM4F/port.o
                0x080065b8                vPortExitCritical
 *fill*         0x080065e4        0xc 
 .text.PendSV_Handler
                0x080065f0       0x64 Middlewares/Third_Party/FreeRTOS/Source/portable/GCC/ARM_CM4F/port.o
                0x080065f0                PendSV_Handler
 .text.xPortSysTickHandler
                0x08006654       0x2c Middlewares/Third_Party/FreeRTOS/Source/portable/GCC/ARM_CM4F/port.o
                0x08006654                xPortSysTickHandler
 .text.vPortSetupTimerInterrupt
                0x08006680       0x2c Middlewares/Third_Party/FreeRTOS/Source/portable/GCC/ARM_CM4F/port.o
                0x08006680                vPortSetupTimerInterrupt
 .text.xPortStartScheduler
                0x080066ac       0xe8 Middlewares/Third_Party/FreeRTOS/Source/portable/GCC/ARM_CM4F/port.o
                0x080066ac                xPortStartScheduler
 .text.vPortValidateInterruptPriority
                0x08006794       0x58 Middlewares/Third_Party/FreeRTOS/Source/portable/GCC/ARM_CM4F/port.o
                0x08006794                vPortValidateInterruptPriority
 .text.prvHeapInit
                0x080067ec       0x4c Middlewares/Third_Party/FreeRTOS/Source/portable/MemMang/heap_4.o
 .text.prvInsertBlockIntoFreeList
                0x08006838       0x54 Middlewares/Third_Party/FreeRTOS/Source/portable/MemMang/heap_4.o
 .text.pvPortMalloc
                0x0800688c       0xf4 Middlewares/Third_Party/FreeRTOS/Source/portable/MemMang/heap_4.o
                0x0800688c                pvPortMalloc
 .text.vPortFree
                0x08006980       0x6c Middlewares/Third_Party/FreeRTOS/Source/portable/MemMang/heap_4.o
                0x08006980                vPortFree
 .text.MX_GPIO_Init
                0x080069ec      0x180 Src/main.o
 .text.uart     0x08006b6c      0x21c Src/main.o
                0x08006b6c                uart
 .text.counter  0x08006d88       0x84 Src/main.o
                0x08006d88                counter
 .text.water    0x08006e0c       0xa0 Src/main.o
                0x08006e0c                water
 .text.StartDefaultTask
                0x08006eac       0xa0 Src/main.o
                0x08006eac                StartDefaultTask
 .text._Error_Handler
                0x08006f4c        0x2 Src/main.o
                0x08006f4c                _Error_Handler
 *fill*         0x08006f4e        0x2 
 .text.MX_I2C1_Init
                0x08006f50       0x44 Src/main.o
 .text.MX_I2S3_Init
                0x08006f94       0x44 Src/main.o
 .text.MX_SPI1_Init
                0x08006fd8       0x48 Src/main.o
 .text.MX_USART2_UART_Init
                0x08007020       0x3c Src/main.o
 .text.MX_RTC_Init
                0x0800705c       0x90 Src/main.o
 .text.MX_TIM1_Init
                0x080070ec       0xe8 Src/main.o
 .text.MX_ADC1_Init
                0x080071d4       0x70 Src/main.o
 .text.SystemClock_Config
                0x08007244       0xf0 Src/main.o
                0x08007244                SystemClock_Config
 .text.main     0x08007334       0x54 Src/main.o
                0x08007334                main
 .text.HAL_MspInit
                0x08007388       0x94 Src/stm32f4xx_hal_msp.o
                0x08007388                HAL_MspInit
 .text.HAL_ADC_MspInit
                0x0800741c       0x48 Src/stm32f4xx_hal_msp.o
                0x0800741c                HAL_ADC_MspInit
 .text.HAL_I2C_MspInit
                0x08007464       0x54 Src/stm32f4xx_hal_msp.o
                0x08007464                HAL_I2C_MspInit
 .text.HAL_I2S_MspInit
                0x080074b8       0x68 Src/stm32f4xx_hal_msp.o
                0x080074b8                HAL_I2S_MspInit
 .text.HAL_RTC_MspInit
                0x08007520       0x1c Src/stm32f4xx_hal_msp.o
                0x08007520                HAL_RTC_MspInit
 .text.HAL_SPI_MspInit
                0x0800753c       0x50 Src/stm32f4xx_hal_msp.o
                0x0800753c                HAL_SPI_MspInit
 .text.HAL_TIM_Base_MspInit
                0x0800758c       0x30 Src/stm32f4xx_hal_msp.o
                0x0800758c                HAL_TIM_Base_MspInit
 .text.HAL_TIM_MspPostInit
                0x080075bc       0x38 Src/stm32f4xx_hal_msp.o
                0x080075bc                HAL_TIM_MspPostInit
 .text.HAL_UART_MspInit
                0x080075f4       0x54 Src/stm32f4xx_hal_msp.o
                0x080075f4                HAL_UART_MspInit
 .text.SysTick_Handler
                0x08007648        0xc Src/stm32f4xx_it.o
                0x08007648                SysTick_Handler
 .text.OTG_FS_IRQHandler
                0x08007654       0x10 Src/stm32f4xx_it.o
                0x08007654                OTG_FS_IRQHandler
 .text.SystemInit
                0x08007664       0x4c Src/system_stm32f4xx.o
                0x08007664                SystemInit
 .text.USBH_UserProcess
                0x080076b0       0x2c Src/usb_host.o
 .text.MX_USB_HOST_Init
                0x080076dc       0x2c Src/usb_host.o
                0x080076dc                MX_USB_HOST_Init
 .text.HAL_HCD_MspInit
                0x08007708       0x78 Src/usbh_conf.o
                0x08007708                HAL_HCD_MspInit
 .text.HAL_HCD_SOF_Callback
                0x08007780        0xc Src/usbh_conf.o
                0x08007780                HAL_HCD_SOF_Callback
 .text.HAL_HCD_Connect_Callback
                0x0800778c        0xc Src/usbh_conf.o
                0x0800778c                HAL_HCD_Connect_Callback
 .text.HAL_HCD_Disconnect_Callback
                0x08007798        0xc Src/usbh_conf.o
                0x08007798                HAL_HCD_Disconnect_Callback
 .text.HAL_HCD_HC_NotifyURBChange_Callback
                0x080077a4        0xc Src/usbh_conf.o
                0x080077a4                HAL_HCD_HC_NotifyURBChange_Callback
 .text.USBH_LL_Init
                0x080077b0       0x5c Src/usbh_conf.o
                0x080077b0                USBH_LL_Init
 .text.USBH_LL_Start
                0x0800780c       0x1c Src/usbh_conf.o
                0x0800780c                USBH_LL_Start
 .text.USBH_LL_Stop
                0x08007828       0x1c Src/usbh_conf.o
                0x08007828                USBH_LL_Stop
 .text.USBH_LL_GetSpeed
                0x08007844       0x1c Src/usbh_conf.o
                0x08007844                USBH_LL_GetSpeed
 .text.USBH_LL_ResetPort
                0x08007860       0x1c Src/usbh_conf.o
                0x08007860                USBH_LL_ResetPort
 .text.USBH_LL_GetLastXferSize
                0x0800787c        0xc Src/usbh_conf.o
                0x0800787c                USBH_LL_GetLastXferSize
 .text.USBH_LL_OpenPipe
                0x08007888       0x32 Src/usbh_conf.o
                0x08007888                USBH_LL_OpenPipe
 .text.USBH_LL_ClosePipe
                0x080078ba       0x1c Src/usbh_conf.o
                0x080078ba                USBH_LL_ClosePipe
 .text.USBH_LL_SubmitURB
                0x080078d6       0x36 Src/usbh_conf.o
                0x080078d6                USBH_LL_SubmitURB
 .text.USBH_LL_GetURBState
                0x0800790c        0xc Src/usbh_conf.o
                0x0800790c                USBH_LL_GetURBState
 .text.USBH_LL_DriverVBUS
                0x08007918       0x1c Src/usbh_conf.o
                0x08007918                USBH_LL_DriverVBUS
 .text.USBH_LL_SetToggle
                0x08007934       0x32 Src/usbh_conf.o
                0x08007934                USBH_LL_SetToggle
 .text.USBH_Delay
                0x08007966        0x8 Src/usbh_conf.o
                0x08007966                USBH_Delay
 *fill*         0x0800796e        0x2 
 .text.MX_DriverVbusFS
                0x08007970       0x18 Src/usbh_platform.o
                0x08007970                MX_DriverVbusFS
 .text.Reset_Handler
                0x08007988       0x50 startup/startup_stm32f407xx.o
                0x08007988                Reset_Handler
 .text.Default_Handler
                0x080079d8        0x2 startup/startup_stm32f407xx.o
                0x080079d8                RTC_Alarm_IRQHandler
                0x080079d8                HASH_RNG_IRQHandler
                0x080079d8                EXTI2_IRQHandler
                0x080079d8                TIM8_CC_IRQHandler
                0x080079d8                DebugMon_Handler
                0x080079d8                TIM1_CC_IRQHandler
                0x080079d8                DMA2_Stream5_IRQHandler
                0x080079d8                HardFault_Handler
                0x080079d8                DMA1_Stream5_IRQHandler
                0x080079d8                PVD_IRQHandler
                0x080079d8                SDIO_IRQHandler
                0x080079d8                TAMP_STAMP_IRQHandler
                0x080079d8                NMI_Handler
                0x080079d8                CAN2_RX1_IRQHandler
                0x080079d8                EXTI3_IRQHandler
                0x080079d8                TIM8_TRG_COM_TIM14_IRQHandler
                0x080079d8                TIM1_UP_TIM10_IRQHandler
                0x080079d8                TIM8_UP_TIM13_IRQHandler
                0x080079d8                I2C3_ER_IRQHandler
                0x080079d8                EXTI0_IRQHandler
                0x080079d8                I2C2_EV_IRQHandler
                0x080079d8                DMA1_Stream2_IRQHandler
                0x080079d8                CAN1_RX0_IRQHandler
                0x080079d8                FPU_IRQHandler
                0x080079d8                OTG_HS_WKUP_IRQHandler
                0x080079d8                UsageFault_Handler
                0x080079d8                CAN2_SCE_IRQHandler
                0x080079d8                DMA2_Stream2_IRQHandler
                0x080079d8                SPI1_IRQHandler
                0x080079d8                TIM6_DAC_IRQHandler
                0x080079d8                TIM1_BRK_TIM9_IRQHandler
                0x080079d8                DCMI_IRQHandler
                0x080079d8                CAN2_RX0_IRQHandler
                0x080079d8                DMA2_Stream3_IRQHandler
                0x080079d8                USART6_IRQHandler
                0x080079d8                USART3_IRQHandler
                0x080079d8                CAN1_RX1_IRQHandler
                0x080079d8                UART5_IRQHandler
                0x080079d8                DMA2_Stream0_IRQHandler
                0x080079d8                TIM4_IRQHandler
                0x080079d8                I2C1_EV_IRQHandler
                0x080079d8                DMA1_Stream6_IRQHandler
                0x080079d8                DMA1_Stream1_IRQHandler
                0x080079d8                UART4_IRQHandler
                0x080079d8                TIM3_IRQHandler
                0x080079d8                RCC_IRQHandler
                0x080079d8                TIM8_BRK_TIM12_IRQHandler
                0x080079d8                Default_Handler
                0x080079d8                EXTI15_10_IRQHandler
                0x080079d8                ADC_IRQHandler
                0x080079d8                DMA1_Stream7_IRQHandler
                0x080079d8                TIM7_IRQHandler
                0x080079d8                CAN2_TX_IRQHandler
                0x080079d8                TIM5_IRQHandler
                0x080079d8                DMA2_Stream7_IRQHandler
                0x080079d8                I2C3_EV_IRQHandler
                0x080079d8                EXTI9_5_IRQHandler
                0x080079d8                RTC_WKUP_IRQHandler
                0x080079d8                ETH_WKUP_IRQHandler
                0x080079d8                SPI2_IRQHandler
                0x080079d8                OTG_HS_EP1_IN_IRQHandler
                0x080079d8                MemManage_Handler
                0x080079d8                DMA1_Stream0_IRQHandler
                0x080079d8                CAN1_TX_IRQHandler
                0x080079d8                EXTI4_IRQHandler
                0x080079d8                FSMC_IRQHandler
                0x080079d8                ETH_IRQHandler
                0x080079d8                OTG_HS_EP1_OUT_IRQHandler
                0x080079d8                WWDG_IRQHandler
                0x080079d8                TIM2_IRQHandler
                0x080079d8                OTG_FS_WKUP_IRQHandler
                0x080079d8                TIM1_TRG_COM_TIM11_IRQHandler
                0x080079d8                OTG_HS_IRQHandler
                0x080079d8                EXTI1_IRQHandler
                0x080079d8                USART2_IRQHandler
                0x080079d8                I2C2_ER_IRQHandler
                0x080079d8                DMA2_Stream1_IRQHandler
                0x080079d8                CAN1_SCE_IRQHandler
                0x080079d8                FLASH_IRQHandler
                0x080079d8                DMA2_Stream4_IRQHandler
                0x080079d8                BusFault_Handler
                0x080079d8                USART1_IRQHandler
                0x080079d8                SPI3_IRQHandler
                0x080079d8                DMA1_Stream4_IRQHandler
                0x080079d8                I2C1_ER_IRQHandler
                0x080079d8                DMA2_Stream6_IRQHandler
                0x080079d8                DMA1_Stream3_IRQHandler
 *fill*         0x080079da        0x2 
 .text.__libc_init_array
                0x080079dc       0x48 d:/h4o5o1h0e4i7n1z/temp/stm32/systemworkbench/plugins/fr.ac6.mcu.externaltools.arm-none.win32_1.16.0.201807130628/tools/compiler/bin/../lib/gcc/arm-none-eabi/7.2.1/../../../../arm-none-eabi/lib/thumb/v7e-m/fpv4-sp/hard\libc_nano.a(lib_a-init.o)
                0x080079dc                __libc_init_array
 .text.malloc   0x08007a24       0x10 d:/h4o5o1h0e4i7n1z/temp/stm32/systemworkbench/plugins/fr.ac6.mcu.externaltools.arm-none.win32_1.16.0.201807130628/tools/compiler/bin/../lib/gcc/arm-none-eabi/7.2.1/../../../../arm-none-eabi/lib/thumb/v7e-m/fpv4-sp/hard\libc_nano.a(lib_a-malloc.o)
                0x08007a24                malloc
 .text.free     0x08007a34       0x10 d:/h4o5o1h0e4i7n1z/temp/stm32/systemworkbench/plugins/fr.ac6.mcu.externaltools.arm-none.win32_1.16.0.201807130628/tools/compiler/bin/../lib/gcc/arm-none-eabi/7.2.1/../../../../arm-none-eabi/lib/thumb/v7e-m/fpv4-sp/hard\libc_nano.a(lib_a-malloc.o)
                0x08007a34                free
 .text.memcpy   0x08007a44       0x16 d:/h4o5o1h0e4i7n1z/temp/stm32/systemworkbench/plugins/fr.ac6.mcu.externaltools.arm-none.win32_1.16.0.201807130628/tools/compiler/bin/../lib/gcc/arm-none-eabi/7.2.1/../../../../arm-none-eabi/lib/thumb/v7e-m/fpv4-sp/hard\libc_nano.a(lib_a-memcpy-stub.o)
                0x08007a44                memcpy
 *fill*         0x08007a5a        0x2 
 .text._free_r  0x08007a5c       0x9c d:/h4o5o1h0e4i7n1z/temp/stm32/systemworkbench/plugins/fr.ac6.mcu.externaltools.arm-none.win32_1.16.0.201807130628/tools/compiler/bin/../lib/gcc/arm-none-eabi/7.2.1/../../../../arm-none-eabi/lib/thumb/v7e-m/fpv4-sp/hard\libc_nano.a(lib_a-nano-freer.o)
                0x08007a5c                _free_r
 .text._malloc_r
                0x08007af8       0xb4 d:/h4o5o1h0e4i7n1z/temp/stm32/systemworkbench/plugins/fr.ac6.mcu.externaltools.arm-none.win32_1.16.0.201807130628/tools/compiler/bin/../lib/gcc/arm-none-eabi/7.2.1/../../../../arm-none-eabi/lib/thumb/v7e-m/fpv4-sp/hard\libc_nano.a(lib_a-nano-mallocr.o)
                0x08007af8                _malloc_r
 .text._sbrk_r  0x08007bac       0x20 d:/h4o5o1h0e4i7n1z/temp/stm32/systemworkbench/plugins/fr.ac6.mcu.externaltools.arm-none.win32_1.16.0.201807130628/tools/compiler/bin/../lib/gcc/arm-none-eabi/7.2.1/../../../../arm-none-eabi/lib/thumb/v7e-m/fpv4-sp/hard\libc_nano.a(lib_a-sbrkr.o)
                0x08007bac                _sbrk_r
 .text.sprintf  0x08007bcc       0x40 d:/h4o5o1h0e4i7n1z/temp/stm32/systemworkbench/plugins/fr.ac6.mcu.externaltools.arm-none.win32_1.16.0.201807130628/tools/compiler/bin/../lib/gcc/arm-none-eabi/7.2.1/../../../../arm-none-eabi/lib/thumb/v7e-m/fpv4-sp/hard\libc_nano.a(lib_a-sprintf.o)
                0x08007bcc                siprintf
                0x08007bcc                sprintf
 .text.sscanf   0x08007c0c       0x54 d:/h4o5o1h0e4i7n1z/temp/stm32/systemworkbench/plugins/fr.ac6.mcu.externaltools.arm-none.win32_1.16.0.201807130628/tools/compiler/bin/../lib/gcc/arm-none-eabi/7.2.1/../../../../arm-none-eabi/lib/thumb/v7e-m/fpv4-sp/hard\libc_nano.a(lib_a-sscanf.o)
                0x08007c0c                siscanf
                0x08007c0c                sscanf
 .text.__seofread
                0x08007c60        0x4 d:/h4o5o1h0e4i7n1z/temp/stm32/systemworkbench/plugins/fr.ac6.mcu.externaltools.arm-none.win32_1.16.0.201807130628/tools/compiler/bin/../lib/gcc/arm-none-eabi/7.2.1/../../../../arm-none-eabi/lib/thumb/v7e-m/fpv4-sp/hard\libc_nano.a(lib_a-stdio.o)
                0x08007c60                __seofread
 .text.__malloc_lock
                0x08007c64        0x2 d:/h4o5o1h0e4i7n1z/temp/stm32/systemworkbench/plugins/fr.ac6.mcu.externaltools.arm-none.win32_1.16.0.201807130628/tools/compiler/bin/../lib/gcc/arm-none-eabi/7.2.1/../../../../arm-none-eabi/lib/thumb/v7e-m/fpv4-sp/hard\libc_nano.a(lib_a-mlock.o)
                0x08007c64                __malloc_lock
 .text.__malloc_unlock
                0x08007c66        0x2 d:/h4o5o1h0e4i7n1z/temp/stm32/systemworkbench/plugins/fr.ac6.mcu.externaltools.arm-none.win32_1.16.0.201807130628/tools/compiler/bin/../lib/gcc/arm-none-eabi/7.2.1/../../../../arm-none-eabi/lib/thumb/v7e-m/fpv4-sp/hard\libc_nano.a(lib_a-mlock.o)
                0x08007c66                __malloc_unlock
 .text.__ssputs_r
                0x08007c68       0xb4 d:/h4o5o1h0e4i7n1z/temp/stm32/systemworkbench/plugins/fr.ac6.mcu.externaltools.arm-none.win32_1.16.0.201807130628/tools/compiler/bin/../lib/gcc/arm-none-eabi/7.2.1/../../../../arm-none-eabi/lib/thumb/v7e-m/fpv4-sp/hard\libc_nano.a(lib_a-nano-svfprintf.o)
                0x08007c68                __ssputs_r
 .text._svfprintf_r
                0x08007d1c      0x1ec d:/h4o5o1h0e4i7n1z/temp/stm32/systemworkbench/plugins/fr.ac6.mcu.externaltools.arm-none.win32_1.16.0.201807130628/tools/compiler/bin/../lib/gcc/arm-none-eabi/7.2.1/../../../../arm-none-eabi/lib/thumb/v7e-m/fpv4-sp/hard\libc_nano.a(lib_a-nano-svfprintf.o)
                0x08007d1c                _svfiprintf_r
                0x08007d1c                _svfprintf_r
 .text._sungetc_r
                0x08007f08       0x7a d:/h4o5o1h0e4i7n1z/temp/stm32/systemworkbench/plugins/fr.ac6.mcu.externaltools.arm-none.win32_1.16.0.201807130628/tools/compiler/bin/../lib/gcc/arm-none-eabi/7.2.1/../../../../arm-none-eabi/lib/thumb/v7e-m/fpv4-sp/hard\libc_nano.a(lib_a-nano-svfscanf.o)
                0x08007f08                _sungetc_r
 .text.__ssrefill_r
                0x08007f82       0x3a d:/h4o5o1h0e4i7n1z/temp/stm32/systemworkbench/plugins/fr.ac6.mcu.externaltools.arm-none.win32_1.16.0.201807130628/tools/compiler/bin/../lib/gcc/arm-none-eabi/7.2.1/../../../../arm-none-eabi/lib/thumb/v7e-m/fpv4-sp/hard\libc_nano.a(lib_a-nano-svfscanf.o)
                0x08007f82                __ssrefill_r
 .text.__ssvfscanf_r
                0x08007fbc      0x2a0 d:/h4o5o1h0e4i7n1z/temp/stm32/systemworkbench/plugins/fr.ac6.mcu.externaltools.arm-none.win32_1.16.0.201807130628/tools/compiler/bin/../lib/gcc/arm-none-eabi/7.2.1/../../../../arm-none-eabi/lib/thumb/v7e-m/fpv4-sp/hard\libc_nano.a(lib_a-nano-svfscanf.o)
                0x08007fbc                __ssvfiscanf_r
                0x08007fbc                __ssvfscanf_r
 .text._printf_common
                0x0800825c       0xea d:/h4o5o1h0e4i7n1z/temp/stm32/systemworkbench/plugins/fr.ac6.mcu.externaltools.arm-none.win32_1.16.0.201807130628/tools/compiler/bin/../lib/gcc/arm-none-eabi/7.2.1/../../../../arm-none-eabi/lib/thumb/v7e-m/fpv4-sp/hard\libc_nano.a(lib_a-nano-vfprintf_i.o)
                0x0800825c                _printf_common
 *fill*         0x08008346        0x2 
 .text._printf_i
                0x08008348      0x224 d:/h4o5o1h0e4i7n1z/temp/stm32/systemworkbench/plugins/fr.ac6.mcu.externaltools.arm-none.win32_1.16.0.201807130628/tools/compiler/bin/../lib/gcc/arm-none-eabi/7.2.1/../../../../arm-none-eabi/lib/thumb/v7e-m/fpv4-sp/hard\libc_nano.a(lib_a-nano-vfprintf_i.o)
                0x08008348                _printf_i
 .text._scanf_chars
                0x0800856c       0xc6 d:/h4o5o1h0e4i7n1z/temp/stm32/systemworkbench/plugins/fr.ac6.mcu.externaltools.arm-none.win32_1.16.0.201807130628/tools/compiler/bin/../lib/gcc/arm-none-eabi/7.2.1/../../../../arm-none-eabi/lib/thumb/v7e-m/fpv4-sp/hard\libc_nano.a(lib_a-nano-vfscanf_i.o)
                0x0800856c                _scanf_chars
 *fill*         0x08008632        0x2 
 .text._scanf_i
                0x08008634      0x1e8 d:/h4o5o1h0e4i7n1z/temp/stm32/systemworkbench/plugins/fr.ac6.mcu.externaltools.arm-none.win32_1.16.0.201807130628/tools/compiler/bin/../lib/gcc/arm-none-eabi/7.2.1/../../../../arm-none-eabi/lib/thumb/v7e-m/fpv4-sp/hard\libc_nano.a(lib_a-nano-vfscanf_i.o)
                0x08008634                _scanf_i
 .text.__sccl   0x0800881c       0x64 d:/h4o5o1h0e4i7n1z/temp/stm32/systemworkbench/plugins/fr.ac6.mcu.externaltools.arm-none.win32_1.16.0.201807130628/tools/compiler/bin/../lib/gcc/arm-none-eabi/7.2.1/../../../../arm-none-eabi/lib/thumb/v7e-m/fpv4-sp/hard\libc_nano.a(lib_a-sccl.o)
                0x0800881c                __sccl
 .text._strtol_l.isra.0
                0x08008880       0xf6 d:/h4o5o1h0e4i7n1z/temp/stm32/systemworkbench/plugins/fr.ac6.mcu.externaltools.arm-none.win32_1.16.0.201807130628/tools/compiler/bin/../lib/gcc/arm-none-eabi/7.2.1/../../../../arm-none-eabi/lib/thumb/v7e-m/fpv4-sp/hard\libc_nano.a(lib_a-strtol.o)
 *fill*         0x08008976        0x2 
 .text._strtol_r
                0x08008978       0x24 d:/h4o5o1h0e4i7n1z/temp/stm32/systemworkbench/plugins/fr.ac6.mcu.externaltools.arm-none.win32_1.16.0.201807130628/tools/compiler/bin/../lib/gcc/arm-none-eabi/7.2.1/../../../../arm-none-eabi/lib/thumb/v7e-m/fpv4-sp/hard\libc_nano.a(lib_a-strtol.o)
                0x08008978                _strtol_r
 .text._strtoul_l.isra.0
                0x0800899c       0xf4 d:/h4o5o1h0e4i7n1z/temp/stm32/systemworkbench/plugins/fr.ac6.mcu.externaltools.arm-none.win32_1.16.0.201807130628/tools/compiler/bin/../lib/gcc/arm-none-eabi/7.2.1/../../../../arm-none-eabi/lib/thumb/v7e-m/fpv4-sp/hard\libc_nano.a(lib_a-strtoul.o)
 .text._strtoul_r
                0x08008a90       0x24 d:/h4o5o1h0e4i7n1z/temp/stm32/systemworkbench/plugins/fr.ac6.mcu.externaltools.arm-none.win32_1.16.0.201807130628/tools/compiler/bin/../lib/gcc/arm-none-eabi/7.2.1/../../../../arm-none-eabi/lib/thumb/v7e-m/fpv4-sp/hard\libc_nano.a(lib_a-strtoul.o)
                0x08008a90                _strtoul_r
 .text.__submore
                0x08008ab4       0x74 d:/h4o5o1h0e4i7n1z/temp/stm32/systemworkbench/plugins/fr.ac6.mcu.externaltools.arm-none.win32_1.16.0.201807130628/tools/compiler/bin/../lib/gcc/arm-none-eabi/7.2.1/../../../../arm-none-eabi/lib/thumb/v7e-m/fpv4-sp/hard\libc_nano.a(lib_a-ungetc.o)
                0x08008ab4                __submore
 .text.__locale_ctype_ptr_l
                0x08008b28        0x6 d:/h4o5o1h0e4i7n1z/temp/stm32/systemworkbench/plugins/fr.ac6.mcu.externaltools.arm-none.win32_1.16.0.201807130628/tools/compiler/bin/../lib/gcc/arm-none-eabi/7.2.1/../../../../arm-none-eabi/lib/thumb/v7e-m/fpv4-sp/hard\libc_nano.a(lib_a-locale.o)
                0x08008b28                __locale_ctype_ptr_l
 *fill*         0x08008b2e        0x2 
 .text.__locale_ctype_ptr
                0x08008b30       0x1c d:/h4o5o1h0e4i7n1z/temp/stm32/systemworkbench/plugins/fr.ac6.mcu.externaltools.arm-none.win32_1.16.0.201807130628/tools/compiler/bin/../lib/gcc/arm-none-eabi/7.2.1/../../../../arm-none-eabi/lib/thumb/v7e-m/fpv4-sp/hard\libc_nano.a(lib_a-locale.o)
                0x08008b30                __locale_ctype_ptr
 .text.__ascii_mbtowc
                0x08008b4c       0x24 d:/h4o5o1h0e4i7n1z/temp/stm32/systemworkbench/plugins/fr.ac6.mcu.externaltools.arm-none.win32_1.16.0.201807130628/tools/compiler/bin/../lib/gcc/arm-none-eabi/7.2.1/../../../../arm-none-eabi/lib/thumb/v7e-m/fpv4-sp/hard\libc_nano.a(lib_a-mbtowc_r.o)
                0x08008b4c                __ascii_mbtowc
 .text.memmove  0x08008b70       0x32 d:/h4o5o1h0e4i7n1z/temp/stm32/systemworkbench/plugins/fr.ac6.mcu.externaltools.arm-none.win32_1.16.0.201807130628/tools/compiler/bin/../lib/gcc/arm-none-eabi/7.2.1/../../../../arm-none-eabi/lib/thumb/v7e-m/fpv4-sp/hard\libc_nano.a(lib_a-memmove.o)
                0x08008b70                memmove
 .text._realloc_r
                0x08008ba2       0x4c d:/h4o5o1h0e4i7n1z/temp/stm32/systemworkbench/plugins/fr.ac6.mcu.externaltools.arm-none.win32_1.16.0.201807130628/tools/compiler/bin/../lib/gcc/arm-none-eabi/7.2.1/../../../../arm-none-eabi/lib/thumb/v7e-m/fpv4-sp/hard\libc_nano.a(lib_a-nano-reallocr.o)
                0x08008ba2                _realloc_r
 .text.__ascii_wctomb
                0x08008bee       0x1a d:/h4o5o1h0e4i7n1z/temp/stm32/systemworkbench/plugins/fr.ac6.mcu.externaltools.arm-none.win32_1.16.0.201807130628/tools/compiler/bin/../lib/gcc/arm-none-eabi/7.2.1/../../../../arm-none-eabi/lib/thumb/v7e-m/fpv4-sp/hard\libc_nano.a(lib_a-wctomb_r.o)
                0x08008bee                __ascii_wctomb
 .text._malloc_usable_size_r
                0x08008c08       0x10 d:/h4o5o1h0e4i7n1z/temp/stm32/systemworkbench/plugins/fr.ac6.mcu.externaltools.arm-none.win32_1.16.0.201807130628/tools/compiler/bin/../lib/gcc/arm-none-eabi/7.2.1/../../../../arm-none-eabi/lib/thumb/v7e-m/fpv4-sp/hard\libc_nano.a(lib_a-nano-msizer.o)
                0x08008c08                _malloc_usable_size_r
 .text._sbrk    0x08008c18       0x1c d:/h4o5o1h0e4i7n1z/temp/stm32/systemworkbench/plugins/fr.ac6.mcu.externaltools.arm-none.win32_1.16.0.201807130628/tools/compiler/bin/../lib/gcc/arm-none-eabi/7.2.1/../../../../arm-none-eabi/lib/thumb/v7e-m/fpv4-sp/hard\libnosys.a(sbrk.o)
                0x08008c18                _sbrk
 *(.glue_7)
 .glue_7        0x08008c34        0x0 linker stubs
 *(.glue_7t)
 .glue_7t       0x08008c34        0x0 linker stubs
 *(.eh_frame)
 .eh_frame      0x08008c34        0x0 d:/h4o5o1h0e4i7n1z/temp/stm32/systemworkbench/plugins/fr.ac6.mcu.externaltools.arm-none.win32_1.16.0.201807130628/tools/compiler/bin/../lib/gcc/arm-none-eabi/7.2.1/thumb/v7e-m/fpv4-sp/hard/crtbegin.o
 *(.init)
 .init          0x08008c34        0x4 d:/h4o5o1h0e4i7n1z/temp/stm32/systemworkbench/plugins/fr.ac6.mcu.externaltools.arm-none.win32_1.16.0.201807130628/tools/compiler/bin/../lib/gcc/arm-none-eabi/7.2.1/thumb/v7e-m/fpv4-sp/hard/crti.o
                0x08008c34                _init
 .init          0x08008c38        0x8 d:/h4o5o1h0e4i7n1z/temp/stm32/systemworkbench/plugins/fr.ac6.mcu.externaltools.arm-none.win32_1.16.0.201807130628/tools/compiler/bin/../lib/gcc/arm-none-eabi/7.2.1/thumb/v7e-m/fpv4-sp/hard/crtn.o
 *(.fini)
 .fini          0x08008c40        0x4 d:/h4o5o1h0e4i7n1z/temp/stm32/systemworkbench/plugins/fr.ac6.mcu.externaltools.arm-none.win32_1.16.0.201807130628/tools/compiler/bin/../lib/gcc/arm-none-eabi/7.2.1/thumb/v7e-m/fpv4-sp/hard/crti.o
                0x08008c40                _fini
 .fini          0x08008c44        0x8 d:/h4o5o1h0e4i7n1z/temp/stm32/systemworkbench/plugins/fr.ac6.mcu.externaltools.arm-none.win32_1.16.0.201807130628/tools/compiler/bin/../lib/gcc/arm-none-eabi/7.2.1/thumb/v7e-m/fpv4-sp/hard/crtn.o
                0x08008c4c                . = ALIGN (0x4)
                0x08008c4c                _etext = .

.vfp11_veneer   0x08008c4c        0x0
 .vfp11_veneer  0x08008c4c        0x0 linker stubs

.v4_bx          0x08008c4c        0x0
 .v4_bx         0x08008c4c        0x0 linker stubs

.iplt           0x08008c4c        0x0
 .iplt          0x08008c4c        0x0 d:/h4o5o1h0e4i7n1z/temp/stm32/systemworkbench/plugins/fr.ac6.mcu.externaltools.arm-none.win32_1.16.0.201807130628/tools/compiler/bin/../lib/gcc/arm-none-eabi/7.2.1/thumb/v7e-m/fpv4-sp/hard/crtbegin.o

.rodata         0x08008c4c      0x2b0
                0x08008c4c                . = ALIGN (0x4)
 *(.rodata)
 .rodata        0x08008c4c       0x1c Middlewares/ST/STM32_USB_Host_Library/Core/Src/usbh_core.o
 .rodata        0x08008c68       0x3c Src/main.o
 .rodata        0x08008ca4       0x18 Src/system_stm32f4xx.o
                0x08008ca4                AHBPrescTable
                0x08008cb4                APBPrescTable
 .rodata        0x08008cbc        0xc d:/h4o5o1h0e4i7n1z/temp/stm32/systemworkbench/plugins/fr.ac6.mcu.externaltools.arm-none.win32_1.16.0.201807130628/tools/compiler/bin/../lib/gcc/arm-none-eabi/7.2.1/../../../../arm-none-eabi/lib/thumb/v7e-m/fpv4-sp/hard\libc_nano.a(lib_a-nano-vfscanf_i.o)
 *(.rodata*)
 .rodata.str1.4
                0x08008cc8        0x4 Middlewares/ST/STM32_USB_Host_Library/Class/CDC/Src/usbh_cdc.o
 .rodata.str1.4
                0x08008ccc        0xc Middlewares/ST/STM32_USB_Host_Library/Core/Src/usbh_core.o
 .rodata.str1.4
                0x08008cd8        0x5 Middlewares/Third_Party/FreeRTOS/Source/tasks.o
 *fill*         0x08008cdd        0x3 
 .rodata.str1.4
                0x08008ce0       0x4c Src/main.o
 .rodata.str1.4
                0x08008d2c       0x14 Src/usbh_conf.o
                                 0x13 (size before relaxing)
 .rodata._svfprintf_r.str1.1
                0x08008d40       0x11 d:/h4o5o1h0e4i7n1z/temp/stm32/systemworkbench/plugins/fr.ac6.mcu.externaltools.arm-none.win32_1.16.0.201807130628/tools/compiler/bin/../lib/gcc/arm-none-eabi/7.2.1/../../../../arm-none-eabi/lib/thumb/v7e-m/fpv4-sp/hard\libc_nano.a(lib_a-nano-svfprintf.o)
 .rodata.__ssvfscanf_r.str1.1
                0x08008d51        0x4 d:/h4o5o1h0e4i7n1z/temp/stm32/systemworkbench/plugins/fr.ac6.mcu.externaltools.arm-none.win32_1.16.0.201807130628/tools/compiler/bin/../lib/gcc/arm-none-eabi/7.2.1/../../../../arm-none-eabi/lib/thumb/v7e-m/fpv4-sp/hard\libc_nano.a(lib_a-nano-svfscanf.o)
 .rodata._printf_i.str1.1
                0x08008d51       0x22 d:/h4o5o1h0e4i7n1z/temp/stm32/systemworkbench/plugins/fr.ac6.mcu.externaltools.arm-none.win32_1.16.0.201807130628/tools/compiler/bin/../lib/gcc/arm-none-eabi/7.2.1/../../../../arm-none-eabi/lib/thumb/v7e-m/fpv4-sp/hard\libc_nano.a(lib_a-nano-vfprintf_i.o)
 .rodata._scanf_i.str1.1
                0x08008d73       0x12 d:/h4o5o1h0e4i7n1z/temp/stm32/systemworkbench/plugins/fr.ac6.mcu.externaltools.arm-none.win32_1.16.0.201807130628/tools/compiler/bin/../lib/gcc/arm-none-eabi/7.2.1/../../../../arm-none-eabi/lib/thumb/v7e-m/fpv4-sp/hard\libc_nano.a(lib_a-nano-vfscanf_i.o)
 .rodata.str1.1
                0x08008d85        0x9 d:/h4o5o1h0e4i7n1z/temp/stm32/systemworkbench/plugins/fr.ac6.mcu.externaltools.arm-none.win32_1.16.0.201807130628/tools/compiler/bin/../lib/gcc/arm-none-eabi/7.2.1/../../../../arm-none-eabi/lib/thumb/v7e-m/fpv4-sp/hard\libc_nano.a(lib_a-nano-vfscanf_i.o)
 *fill*         0x08008d8e        0x2 
 .rodata.__sf_fake_stderr
                0x08008d90       0x20 d:/h4o5o1h0e4i7n1z/temp/stm32/systemworkbench/plugins/fr.ac6.mcu.externaltools.arm-none.win32_1.16.0.201807130628/tools/compiler/bin/../lib/gcc/arm-none-eabi/7.2.1/../../../../arm-none-eabi/lib/thumb/v7e-m/fpv4-sp/hard\libc_nano.a(lib_a-findfp.o)
                0x08008d90                __sf_fake_stderr
 .rodata.__sf_fake_stdin
                0x08008db0       0x20 d:/h4o5o1h0e4i7n1z/temp/stm32/systemworkbench/plugins/fr.ac6.mcu.externaltools.arm-none.win32_1.16.0.201807130628/tools/compiler/bin/../lib/gcc/arm-none-eabi/7.2.1/../../../../arm-none-eabi/lib/thumb/v7e-m/fpv4-sp/hard\libc_nano.a(lib_a-findfp.o)
                0x08008db0                __sf_fake_stdin
 .rodata.__sf_fake_stdout
                0x08008dd0       0x20 d:/h4o5o1h0e4i7n1z/temp/stm32/systemworkbench/plugins/fr.ac6.mcu.externaltools.arm-none.win32_1.16.0.201807130628/tools/compiler/bin/../lib/gcc/arm-none-eabi/7.2.1/../../../../arm-none-eabi/lib/thumb/v7e-m/fpv4-sp/hard\libc_nano.a(lib_a-findfp.o)
                0x08008dd0                __sf_fake_stdout
 .rodata._setlocale_r.str1.1
                0x08008df0        0x8 d:/h4o5o1h0e4i7n1z/temp/stm32/systemworkbench/plugins/fr.ac6.mcu.externaltools.arm-none.win32_1.16.0.201807130628/tools/compiler/bin/../lib/gcc/arm-none-eabi/7.2.1/../../../../arm-none-eabi/lib/thumb/v7e-m/fpv4-sp/hard\libc_nano.a(lib_a-locale.o)
                                  0x9 (size before relaxing)
 .rodata.str1.1
                0x08008df8        0x2 d:/h4o5o1h0e4i7n1z/temp/stm32/systemworkbench/plugins/fr.ac6.mcu.externaltools.arm-none.win32_1.16.0.201807130628/tools/compiler/bin/../lib/gcc/arm-none-eabi/7.2.1/../../../../arm-none-eabi/lib/thumb/v7e-m/fpv4-sp/hard\libc_nano.a(lib_a-locale.o)
 .rodata._ctype_
                0x08008dfa      0x101 d:/h4o5o1h0e4i7n1z/temp/stm32/systemworkbench/plugins/fr.ac6.mcu.externaltools.arm-none.win32_1.16.0.201807130628/tools/compiler/bin/../lib/gcc/arm-none-eabi/7.2.1/../../../../arm-none-eabi/lib/thumb/v7e-m/fpv4-sp/hard\libc_nano.a(lib_a-ctype_.o)
                0x08008dfa                _ctype_
                0x08008efc                . = ALIGN (0x4)
 *fill*         0x08008efb        0x1 

.ARM.extab
 *(.ARM.extab* .gnu.linkonce.armextab.*)

.ARM            0x08008efc        0x8
                0x08008efc                __exidx_start = .
 *(.ARM.exidx*)
 .ARM.exidx     0x08008efc        0x8 d:/h4o5o1h0e4i7n1z/temp/stm32/systemworkbench/plugins/fr.ac6.mcu.externaltools.arm-none.win32_1.16.0.201807130628/tools/compiler/bin/../lib/gcc/arm-none-eabi/7.2.1/thumb/v7e-m/fpv4-sp/hard\libgcc.a(_udivmoddi4.o)
                0x08008f04                __exidx_end = .

.rel.dyn        0x08008f04        0x0
 .rel.iplt      0x08008f04        0x0 d:/h4o5o1h0e4i7n1z/temp/stm32/systemworkbench/plugins/fr.ac6.mcu.externaltools.arm-none.win32_1.16.0.201807130628/tools/compiler/bin/../lib/gcc/arm-none-eabi/7.2.1/thumb/v7e-m/fpv4-sp/hard/crtbegin.o

.preinit_array  0x08008f04        0x0
                0x08008f04                PROVIDE (__preinit_array_start, .)
 *(.preinit_array*)
                0x08008f04                PROVIDE (__preinit_array_end, .)

.init_array     0x08008f04        0x4
                0x08008f04                PROVIDE (__init_array_start, .)
 *(SORT_BY_NAME(.init_array.*))
 *(.init_array*)
 .init_array    0x08008f04        0x4 d:/h4o5o1h0e4i7n1z/temp/stm32/systemworkbench/plugins/fr.ac6.mcu.externaltools.arm-none.win32_1.16.0.201807130628/tools/compiler/bin/../lib/gcc/arm-none-eabi/7.2.1/thumb/v7e-m/fpv4-sp/hard/crtbegin.o
                0x08008f08                PROVIDE (__init_array_end, .)

.fini_array     0x08008f08        0x4
                [!provide]                PROVIDE (__fini_array_start, .)
 *(SORT_BY_NAME(.fini_array.*))
 *(.fini_array*)
 .fini_array    0x08008f08        0x4 d:/h4o5o1h0e4i7n1z/temp/stm32/systemworkbench/plugins/fr.ac6.mcu.externaltools.arm-none.win32_1.16.0.201807130628/tools/compiler/bin/../lib/gcc/arm-none-eabi/7.2.1/thumb/v7e-m/fpv4-sp/hard/crtbegin.o
                [!provide]                PROVIDE (__fini_array_end, .)
                0x08008f0c                _sidata = LOADADDR (.data)

.data           0x20000000      0x218 load address 0x08008f0c
                0x20000000                . = ALIGN (0x4)
                0x20000000                _sdata = .
 *(.data)
 .data          0x20000000        0x8 Drivers/STM32F4xx_HAL_Driver/Src/stm32f4xx_hal.o
                0x20000000                uwTickFreq
                0x20000004                uwTickPrio
 .data          0x20000008       0x20 Middlewares/ST/STM32_USB_Host_Library/Class/CDC/Src/usbh_cdc.o
                0x20000008                CDC_Class
 .data          0x20000028        0x4 Middlewares/Third_Party/FreeRTOS/Source/portable/GCC/ARM_CM4F/port.o
 .data          0x2000002c       0x18 Src/main.o
                0x2000002c                wet_to_water
                0x20000030                th
                0x20000034                ah
                0x20000038                at
                0x2000003c                last
                0x20000040                cmp
 .data          0x20000044        0x4 Src/system_stm32f4xx.o
                0x20000044                SystemCoreClock
 *(.data*)
 .data._impure_ptr
                0x20000048        0x4 d:/h4o5o1h0e4i7n1z/temp/stm32/systemworkbench/plugins/fr.ac6.mcu.externaltools.arm-none.win32_1.16.0.201807130628/tools/compiler/bin/../lib/gcc/arm-none-eabi/7.2.1/../../../../arm-none-eabi/lib/thumb/v7e-m/fpv4-sp/hard\libc_nano.a(lib_a-impure.o)
                0x20000048                _impure_ptr
 .data.impure_data
                0x2000004c       0x60 d:/h4o5o1h0e4i7n1z/temp/stm32/systemworkbench/plugins/fr.ac6.mcu.externaltools.arm-none.win32_1.16.0.201807130628/tools/compiler/bin/../lib/gcc/arm-none-eabi/7.2.1/../../../../arm-none-eabi/lib/thumb/v7e-m/fpv4-sp/hard\libc_nano.a(lib_a-impure.o)
 .data.__global_locale
                0x200000ac      0x16c d:/h4o5o1h0e4i7n1z/temp/stm32/systemworkbench/plugins/fr.ac6.mcu.externaltools.arm-none.win32_1.16.0.201807130628/tools/compiler/bin/../lib/gcc/arm-none-eabi/7.2.1/../../../../arm-none-eabi/lib/thumb/v7e-m/fpv4-sp/hard\libc_nano.a(lib_a-locale.o)
                0x200000ac                __global_locale
                0x20000218                . = ALIGN (0x4)
                0x20000218                _edata = .
                0x08009124                _siccmram = LOADADDR (.ccmram)

.igot.plt       0x20000218        0x0 load address 0x08009124
 .igot.plt      0x20000218        0x0 d:/h4o5o1h0e4i7n1z/temp/stm32/systemworkbench/plugins/fr.ac6.mcu.externaltools.arm-none.win32_1.16.0.201807130628/tools/compiler/bin/../lib/gcc/arm-none-eabi/7.2.1/thumb/v7e-m/fpv4-sp/hard/crtbegin.o

.ccmram         0x10000000        0x0 load address 0x08009124
                0x10000000                . = ALIGN (0x4)
                0x10000000                _sccmram = .
 *(.ccmram)
 *(.ccmram*)
                0x10000000                . = ALIGN (0x4)
                0x10000000                _eccmram = .
                0x10000000                . = ALIGN (0x4)

.bss            0x20000218     0x45dc
                0x20000218                _sbss = .
                0x20000218                __bss_start__ = _sbss
 *(.bss)
 .bss           0x20000218       0x1c d:/h4o5o1h0e4i7n1z/temp/stm32/systemworkbench/plugins/fr.ac6.mcu.externaltools.arm-none.win32_1.16.0.201807130628/tools/compiler/bin/../lib/gcc/arm-none-eabi/7.2.1/thumb/v7e-m/fpv4-sp/hard/crtbegin.o
 .bss           0x20000234      0x12c Middlewares/Third_Party/FreeRTOS/Source/tasks.o
                0x20000334                pxCurrentTCB
 .bss           0x20000360        0x8 Middlewares/Third_Party/FreeRTOS/Source/portable/GCC/ARM_CM4F/port.o
 .bss           0x20000368     0x3c18 Middlewares/Third_Party/FreeRTOS/Source/portable/MemMang/heap_4.o
 .bss           0x20003f80       0x18 Src/main.o
                0x20003f80                dirt_dry
                0x20003f84                W
                0x20003f88                tm
                0x20003f8c                t_sec
                0x20003f90                watering
                0x20003f94                pass_sec
 .bss           0x20003f98        0x1 Src/usb_host.o
                0x20003f98                Appli_state
 *(.bss*)
 *fill*         0x20003f99        0x3 
 .bss.__malloc_free_list
                0x20003f9c        0x4 d:/h4o5o1h0e4i7n1z/temp/stm32/systemworkbench/plugins/fr.ac6.mcu.externaltools.arm-none.win32_1.16.0.201807130628/tools/compiler/bin/../lib/gcc/arm-none-eabi/7.2.1/../../../../arm-none-eabi/lib/thumb/v7e-m/fpv4-sp/hard\libc_nano.a(lib_a-nano-mallocr.o)
                0x20003f9c                __malloc_free_list
 .bss.__malloc_sbrk_start
                0x20003fa0        0x4 d:/h4o5o1h0e4i7n1z/temp/stm32/systemworkbench/plugins/fr.ac6.mcu.externaltools.arm-none.win32_1.16.0.201807130628/tools/compiler/bin/../lib/gcc/arm-none-eabi/7.2.1/../../../../arm-none-eabi/lib/thumb/v7e-m/fpv4-sp/hard\libc_nano.a(lib_a-nano-mallocr.o)
                0x20003fa0                __malloc_sbrk_start
 .bss.heap_end.5377
                0x20003fa4        0x4 d:/h4o5o1h0e4i7n1z/temp/stm32/systemworkbench/plugins/fr.ac6.mcu.externaltools.arm-none.win32_1.16.0.201807130628/tools/compiler/bin/../lib/gcc/arm-none-eabi/7.2.1/../../../../arm-none-eabi/lib/thumb/v7e-m/fpv4-sp/hard\libnosys.a(sbrk.o)
 *(COMMON)
 COMMON         0x20003fa8        0x4 Drivers/STM32F4xx_HAL_Driver/Src/stm32f4xx_hal.o
                0x20003fa8                uwTick
 COMMON         0x20003fac      0x1dc Src/main.o
                0x20003fac                defaultTaskHandle
                0x20003fb0                hi2c1
                0x20004004                hadc1
                0x2000404c                hrtc
                0x2000406c                htim1
                0x200040a8                hspi1
                0x20004100                huart2
                0x20004140                hi2s3
 COMMON         0x20004188      0x3d0 Src/usb_host.o
                0x20004188                hUsbHostFS
 COMMON         0x20004558      0x298 Src/usbh_conf.o
                0x20004558                hhcd_USB_OTG_FS
 COMMON         0x200047f0        0x4 d:/h4o5o1h0e4i7n1z/temp/stm32/systemworkbench/plugins/fr.ac6.mcu.externaltools.arm-none.win32_1.16.0.201807130628/tools/compiler/bin/../lib/gcc/arm-none-eabi/7.2.1/../../../../arm-none-eabi/lib/thumb/v7e-m/fpv4-sp/hard\libc_nano.a(lib_a-reent.o)
                0x200047f0                errno
                0x200047f4                . = ALIGN (0x4)
                0x200047f4                _ebss = .
                0x200047f4                __bss_end__ = _ebss

._user_heap_stack
                0x200047f4      0x604
                0x200047f8                . = ALIGN (0x8)
 *fill*         0x200047f4        0x4 
                0x200047f8                PROVIDE (end, .)
                [!provide]                PROVIDE (_end, .)
                0x200049f8                . = (. + _Min_Heap_Size)
 *fill*         0x200047f8      0x200 
                0x20004df8                . = (. + _Min_Stack_Size)
 *fill*         0x200049f8      0x400 
                0x20004df8                . = ALIGN (0x8)

/DISCARD/
 libc.a(*)
 libm.a(*)
 libgcc.a(*)

.ARM.attributes
                0x00000000       0x30
 *(.ARM.attributes)
 .ARM.attributes
                0x00000000       0x22 d:/h4o5o1h0e4i7n1z/temp/stm32/systemworkbench/plugins/fr.ac6.mcu.externaltools.arm-none.win32_1.16.0.201807130628/tools/compiler/bin/../lib/gcc/arm-none-eabi/7.2.1/thumb/v7e-m/fpv4-sp/hard/crti.o
 .ARM.attributes
                0x00000022       0x34 d:/h4o5o1h0e4i7n1z/temp/stm32/systemworkbench/plugins/fr.ac6.mcu.externaltools.arm-none.win32_1.16.0.201807130628/tools/compiler/bin/../lib/gcc/arm-none-eabi/7.2.1/thumb/v7e-m/fpv4-sp/hard/crtbegin.o
 .ARM.attributes
                0x00000056       0x39 Drivers/STM32F4xx_HAL_Driver/Src/stm32f4xx_hal.o
 .ARM.attributes
                0x0000008f       0x39 Drivers/STM32F4xx_HAL_Driver/Src/stm32f4xx_hal_adc.o
 .ARM.attributes
                0x000000c8       0x39 Drivers/STM32F4xx_HAL_Driver/Src/stm32f4xx_hal_cortex.o
 .ARM.attributes
                0x00000101       0x39 Drivers/STM32F4xx_HAL_Driver/Src/stm32f4xx_hal_gpio.o
 .ARM.attributes
                0x0000013a       0x39 Drivers/STM32F4xx_HAL_Driver/Src/stm32f4xx_hal_hcd.o
 .ARM.attributes
                0x00000173       0x39 Drivers/STM32F4xx_HAL_Driver/Src/stm32f4xx_hal_i2c.o
 .ARM.attributes
                0x000001ac       0x39 Drivers/STM32F4xx_HAL_Driver/Src/stm32f4xx_hal_i2s.o
 .ARM.attributes
                0x000001e5       0x39 Drivers/STM32F4xx_HAL_Driver/Src/stm32f4xx_hal_i2s_ex.o
 .ARM.attributes
                0x0000021e       0x39 Drivers/STM32F4xx_HAL_Driver/Src/stm32f4xx_hal_rcc.o
 .ARM.attributes
                0x00000257       0x39 Drivers/STM32F4xx_HAL_Driver/Src/stm32f4xx_hal_rcc_ex.o
 .ARM.attributes
                0x00000290       0x39 Drivers/STM32F4xx_HAL_Driver/Src/stm32f4xx_hal_rtc.o
 .ARM.attributes
                0x000002c9       0x39 Drivers/STM32F4xx_HAL_Driver/Src/stm32f4xx_hal_spi.o
 .ARM.attributes
                0x00000302       0x39 Drivers/STM32F4xx_HAL_Driver/Src/stm32f4xx_hal_tim.o
 .ARM.attributes
                0x0000033b       0x39 Drivers/STM32F4xx_HAL_Driver/Src/stm32f4xx_hal_tim_ex.o
 .ARM.attributes
                0x00000374       0x39 Drivers/STM32F4xx_HAL_Driver/Src/stm32f4xx_hal_uart.o
 .ARM.attributes
                0x000003ad       0x39 Drivers/STM32F4xx_HAL_Driver/Src/stm32f4xx_ll_usb.o
 .ARM.attributes
                0x000003e6       0x39 Middlewares/ST/STM32_USB_Host_Library/Class/CDC/Src/usbh_cdc.o
 .ARM.attributes
                0x0000041f       0x39 Middlewares/ST/STM32_USB_Host_Library/Core/Src/usbh_core.o
 .ARM.attributes
                0x00000458       0x39 Middlewares/ST/STM32_USB_Host_Library/Core/Src/usbh_ctlreq.o
 .ARM.attributes
                0x00000491       0x39 Middlewares/ST/STM32_USB_Host_Library/Core/Src/usbh_ioreq.o
 .ARM.attributes
                0x000004ca       0x39 Middlewares/ST/STM32_USB_Host_Library/Core/Src/usbh_pipes.o
 .ARM.attributes
                0x00000503       0x39 Middlewares/Third_Party/FreeRTOS/Source/CMSIS_RTOS/cmsis_os.o
 .ARM.attributes
                0x0000053c       0x39 Middlewares/Third_Party/FreeRTOS/Source/list.o
 .ARM.attributes
                0x00000575       0x39 Middlewares/Third_Party/FreeRTOS/Source/queue.o
 .ARM.attributes
                0x000005ae       0x39 Middlewares/Third_Party/FreeRTOS/Source/tasks.o
 .ARM.attributes
                0x000005e7       0x39 Middlewares/Third_Party/FreeRTOS/Source/portable/GCC/ARM_CM4F/port.o
 .ARM.attributes
                0x00000620       0x39 Middlewares/Third_Party/FreeRTOS/Source/portable/MemMang/heap_4.o
 .ARM.attributes
                0x00000659       0x39 Src/main.o
 .ARM.attributes
                0x00000692       0x39 Src/stm32f4xx_hal_msp.o
 .ARM.attributes
                0x000006cb       0x39 Src/stm32f4xx_it.o
 .ARM.attributes
                0x00000704       0x39 Src/system_stm32f4xx.o
 .ARM.attributes
                0x0000073d       0x39 Src/usb_host.o
 .ARM.attributes
                0x00000776       0x39 Src/usbh_conf.o
 .ARM.attributes
                0x000007af       0x39 Src/usbh_platform.o
 .ARM.attributes
                0x000007e8       0x21 startup/startup_stm32f407xx.o
 .ARM.attributes
                0x00000809       0x22 d:/h4o5o1h0e4i7n1z/temp/stm32/systemworkbench/plugins/fr.ac6.mcu.externaltools.arm-none.win32_1.16.0.201807130628/tools/compiler/bin/../lib/gcc/arm-none-eabi/7.2.1/thumb/v7e-m/fpv4-sp/hard\libgcc.a(_aeabi_uldivmod.o)
 .ARM.attributes
                0x0000082b       0x34 d:/h4o5o1h0e4i7n1z/temp/stm32/systemworkbench/plugins/fr.ac6.mcu.externaltools.arm-none.win32_1.16.0.201807130628/tools/compiler/bin/../lib/gcc/arm-none-eabi/7.2.1/thumb/v7e-m/fpv4-sp/hard\libgcc.a(_udivmoddi4.o)
 .ARM.attributes
                0x0000085f       0x22 d:/h4o5o1h0e4i7n1z/temp/stm32/systemworkbench/plugins/fr.ac6.mcu.externaltools.arm-none.win32_1.16.0.201807130628/tools/compiler/bin/../lib/gcc/arm-none-eabi/7.2.1/thumb/v7e-m/fpv4-sp/hard\libgcc.a(_dvmd_tls.o)
 .ARM.attributes
                0x00000881       0x34 d:/h4o5o1h0e4i7n1z/temp/stm32/systemworkbench/plugins/fr.ac6.mcu.externaltools.arm-none.win32_1.16.0.201807130628/tools/compiler/bin/../lib/gcc/arm-none-eabi/7.2.1/../../../../arm-none-eabi/lib/thumb/v7e-m/fpv4-sp/hard\libc_nano.a(lib_a-impure.o)
 .ARM.attributes
                0x000008b5       0x34 d:/h4o5o1h0e4i7n1z/temp/stm32/systemworkbench/plugins/fr.ac6.mcu.externaltools.arm-none.win32_1.16.0.201807130628/tools/compiler/bin/../lib/gcc/arm-none-eabi/7.2.1/../../../../arm-none-eabi/lib/thumb/v7e-m/fpv4-sp/hard\libc_nano.a(lib_a-init.o)
 .ARM.attributes
                0x000008e9       0x34 d:/h4o5o1h0e4i7n1z/temp/stm32/systemworkbench/plugins/fr.ac6.mcu.externaltools.arm-none.win32_1.16.0.201807130628/tools/compiler/bin/../lib/gcc/arm-none-eabi/7.2.1/../../../../arm-none-eabi/lib/thumb/v7e-m/fpv4-sp/hard\libc_nano.a(lib_a-malloc.o)
 .ARM.attributes
                0x0000091d       0x34 d:/h4o5o1h0e4i7n1z/temp/stm32/systemworkbench/plugins/fr.ac6.mcu.externaltools.arm-none.win32_1.16.0.201807130628/tools/compiler/bin/../lib/gcc/arm-none-eabi/7.2.1/../../../../arm-none-eabi/lib/thumb/v7e-m/fpv4-sp/hard\libc_nano.a(lib_a-memcpy-stub.o)
 .ARM.attributes
                0x00000951       0x34 d:/h4o5o1h0e4i7n1z/temp/stm32/systemworkbench/plugins/fr.ac6.mcu.externaltools.arm-none.win32_1.16.0.201807130628/tools/compiler/bin/../lib/gcc/arm-none-eabi/7.2.1/../../../../arm-none-eabi/lib/thumb/v7e-m/fpv4-sp/hard\libc_nano.a(lib_a-nano-freer.o)
 .ARM.attributes
                0x00000985       0x34 d:/h4o5o1h0e4i7n1z/temp/stm32/systemworkbench/plugins/fr.ac6.mcu.externaltools.arm-none.win32_1.16.0.201807130628/tools/compiler/bin/../lib/gcc/arm-none-eabi/7.2.1/../../../../arm-none-eabi/lib/thumb/v7e-m/fpv4-sp/hard\libc_nano.a(lib_a-nano-mallocr.o)
 .ARM.attributes
                0x000009b9       0x34 d:/h4o5o1h0e4i7n1z/temp/stm32/systemworkbench/plugins/fr.ac6.mcu.externaltools.arm-none.win32_1.16.0.201807130628/tools/compiler/bin/../lib/gcc/arm-none-eabi/7.2.1/../../../../arm-none-eabi/lib/thumb/v7e-m/fpv4-sp/hard\libc_nano.a(lib_a-sbrkr.o)
 .ARM.attributes
                0x000009ed       0x34 d:/h4o5o1h0e4i7n1z/temp/stm32/systemworkbench/plugins/fr.ac6.mcu.externaltools.arm-none.win32_1.16.0.201807130628/tools/compiler/bin/../lib/gcc/arm-none-eabi/7.2.1/../../../../arm-none-eabi/lib/thumb/v7e-m/fpv4-sp/hard\libc_nano.a(lib_a-sprintf.o)
 .ARM.attributes
                0x00000a21       0x34 d:/h4o5o1h0e4i7n1z/temp/stm32/systemworkbench/plugins/fr.ac6.mcu.externaltools.arm-none.win32_1.16.0.201807130628/tools/compiler/bin/../lib/gcc/arm-none-eabi/7.2.1/../../../../arm-none-eabi/lib/thumb/v7e-m/fpv4-sp/hard\libc_nano.a(lib_a-sscanf.o)
 .ARM.attributes